Component: ARM Compiler 5.06 update 5 (build 528) Tool: armlink [4d35e2]

==============================================================================

Section Cross References

    usbd_conf.o(i.HAL_PCD_ConnectCallback) refers to usbd_core.o(i.USBD_LL_DevConnected) for USBD_LL_DevConnected
    usbd_conf.o(i.HAL_PCD_DataInStageCallback) refers to usbd_core.o(i.USBD_LL_DataInStage) for USBD_LL_DataInStage
    usbd_conf.o(i.HAL_PCD_DataOutStageCallback) refers to usbd_core.o(i.USBD_LL_DataOutStage) for USBD_LL_DataOutStage
    usbd_conf.o(i.HAL_PCD_DisconnectCallback) refers to usbd_core.o(i.USBD_LL_DevDisconnected) for USBD_LL_DevDisconnected
    usbd_conf.o(i.HAL_PCD_ISOINIncompleteCallback) refers to usbd_core.o(i.USBD_LL_IsoINIncomplete) for USBD_LL_IsoINIncomplete
    usbd_conf.o(i.HAL_PCD_ISOOUTIncompleteCallback) refers to usbd_core.o(i.USBD_LL_IsoOUTIncomplete) for USBD_LL_IsoOUTIncomplete
    usbd_conf.o(i.HAL_PCD_MspDeInit) refers to stm32f1xx_hal_cortex.o(i.HAL_NVIC_DisableIRQ) for HAL_NVIC_DisableIRQ
    usbd_conf.o(i.HAL_PCD_MspInit) refers to stm32f1xx_hal_cortex.o(i.HAL_NVIC_SetPriority) for HAL_NVIC_SetPriority
    usbd_conf.o(i.HAL_PCD_MspInit) refers to stm32f1xx_hal_cortex.o(i.HAL_NVIC_EnableIRQ) for HAL_NVIC_EnableIRQ
    usbd_conf.o(i.HAL_PCD_ResetCallback) refers to usbd_core.o(i.USBD_LL_SetSpeed) for USBD_LL_SetSpeed
    usbd_conf.o(i.HAL_PCD_ResetCallback) refers to usbd_core.o(i.USBD_LL_Reset) for USBD_LL_Reset
    usbd_conf.o(i.HAL_PCD_ResumeCallback) refers to usbd_core.o(i.USBD_LL_Resume) for USBD_LL_Resume
    usbd_conf.o(i.HAL_PCD_SOFCallback) refers to usbd_core.o(i.USBD_LL_SOF) for USBD_LL_SOF
    usbd_conf.o(i.HAL_PCD_SetupStageCallback) refers to usbd_core.o(i.USBD_LL_SetupStage) for USBD_LL_SetupStage
    usbd_conf.o(i.HAL_PCD_SuspendCallback) refers to usbd_core.o(i.USBD_LL_Suspend) for USBD_LL_Suspend
    usbd_conf.o(i.USBD_LL_ClearStallEP) refers to stm32f1xx_hal_pcd.o(i.HAL_PCD_EP_ClrStall) for HAL_PCD_EP_ClrStall
    usbd_conf.o(i.USBD_LL_CloseEP) refers to stm32f1xx_hal_pcd.o(i.HAL_PCD_EP_Close) for HAL_PCD_EP_Close
    usbd_conf.o(i.USBD_LL_DeInit) refers to stm32f1xx_hal_pcd.o(i.HAL_PCD_DeInit) for HAL_PCD_DeInit
    usbd_conf.o(i.USBD_LL_Delay) refers to stm32f1xx_hal.o(i.HAL_Delay) for HAL_Delay
    usbd_conf.o(i.USBD_LL_FlushEP) refers to stm32f1xx_hal_pcd.o(i.HAL_PCD_EP_Flush) for HAL_PCD_EP_Flush
    usbd_conf.o(i.USBD_LL_GetRxDataSize) refers to stm32f1xx_hal_pcd.o(i.HAL_PCD_EP_GetRxCount) for HAL_PCD_EP_GetRxCount
    usbd_conf.o(i.USBD_LL_Init) refers to stm32f1xx_hal_pcd.o(i.HAL_PCD_Init) for HAL_PCD_Init
    usbd_conf.o(i.USBD_LL_Init) refers to stm32f1xx_hal_pcd_ex.o(i.HAL_PCDEx_PMAConfig) for HAL_PCDEx_PMAConfig
    usbd_conf.o(i.USBD_LL_Init) refers to usbd_conf.o(.bss) for .bss
    usbd_conf.o(i.USBD_LL_OpenEP) refers to stm32f1xx_hal_pcd.o(i.HAL_PCD_EP_Open) for HAL_PCD_EP_Open
    usbd_conf.o(i.USBD_LL_PrepareReceive) refers to stm32f1xx_hal_pcd.o(i.HAL_PCD_EP_Receive) for HAL_PCD_EP_Receive
    usbd_conf.o(i.USBD_LL_SetUSBAddress) refers to stm32f1xx_hal_pcd.o(i.HAL_PCD_SetAddress) for HAL_PCD_SetAddress
    usbd_conf.o(i.USBD_LL_StallEP) refers to stm32f1xx_hal_pcd.o(i.HAL_PCD_EP_SetStall) for HAL_PCD_EP_SetStall
    usbd_conf.o(i.USBD_LL_Start) refers to stm32f1xx_hal_pcd.o(i.HAL_PCD_Start) for HAL_PCD_Start
    usbd_conf.o(i.USBD_LL_Stop) refers to stm32f1xx_hal_pcd.o(i.HAL_PCD_Stop) for HAL_PCD_Stop
    usbd_conf.o(i.USBD_LL_Transmit) refers to stm32f1xx_hal_pcd.o(i.HAL_PCD_EP_Transmit) for HAL_PCD_EP_Transmit
    usbd_conf.o(i.USBD_static_malloc) refers to usbd_conf.o(.bss) for .bss
    usbd_custom_hid_if.o(i.CUSTOM_HID_Init_FS) refers to usb_device.o(.bss) for hUsbDeviceFS
    usbd_custom_hid_if.o(i.CUSTOM_HID_Init_FS) refers to usbd_custom_hid_if.o(.data) for .data
    usbd_custom_hid_if.o(i.CUSTOM_HID_OutEvent_FS) refers to usbd_custom_hid_if.o(.data) for .data
    usbd_custom_hid_if.o(i.CUSTOM_HID_OutEvent_FS) refers to main.o(.data) for USB_RX_Buffer
    usbd_custom_hid_if.o(.data) refers to usbd_custom_hid_if.o(.data) for CUSTOM_HID_ReportDesc_FS
    usbd_custom_hid_if.o(.data) refers to usbd_custom_hid_if.o(i.CUSTOM_HID_Init_FS) for CUSTOM_HID_Init_FS
    usbd_custom_hid_if.o(.data) refers to usbd_custom_hid_if.o(i.CUSTOM_HID_DeInit_FS) for CUSTOM_HID_DeInit_FS
    usbd_custom_hid_if.o(.data) refers to usbd_custom_hid_if.o(i.CUSTOM_HID_OutEvent_FS) for CUSTOM_HID_OutEvent_FS
    stm32f1xx_hal_msp.o(i.HAL_ADC_MspDeInit) refers to stm32f1xx_hal_gpio.o(i.HAL_GPIO_DeInit) for HAL_GPIO_DeInit
    stm32f1xx_hal_msp.o(i.HAL_ADC_MspDeInit) refers to stm32f1xx_hal_dma.o(i.HAL_DMA_DeInit) for HAL_DMA_DeInit
    stm32f1xx_hal_msp.o(i.HAL_ADC_MspInit) refers to stm32f1xx_hal_gpio.o(i.HAL_GPIO_Init) for HAL_GPIO_Init
    stm32f1xx_hal_msp.o(i.HAL_ADC_MspInit) refers to stm32f1xx_hal_dma.o(i.HAL_DMA_Init) for HAL_DMA_Init
    stm32f1xx_hal_msp.o(i.HAL_ADC_MspInit) refers to main.o(i._Error_Handler) for _Error_Handler
[...]
    ..\Src\usb_device.c                      0x00000000   Number         0  usb_device.o ABSOLUTE
    ..\Src\usbd_conf.c                       0x00000000   Number         0  usbd_conf.o ABSOLUTE
    ..\Src\usbd_custom_hid_if.c              0x00000000   Number         0  usbd_custom_hid_if.o ABSOLUTE
    ..\Src\usbd_desc.c                       0x00000000   Number         0  usbd_desc.o ABSOLUTE
    ..\\Src\\stm32_xinput\\hc_sr04_lib.c     0x00000000   Number         0  hc_sr04_lib.o ABSOLUTE
    ..\\Src\\stm32_xinput\\stm32_xinput.c    0x00000000   Number         0  stm32_xinput.o ABSOLUTE
    ..\\Src\\stm32_xinput\\time_lib.c        0x00000000   Number         0  time_lib.o ABSOLUTE
    ..\\Src\\stm32_xinput\\xinput.c          0x00000000   Number         0  xinput.o ABSOLUTE
    dc.s                                     0x00000000   Number         0  dc.o ABSOLUTE
    handlers.s                               0x00000000   Number         0  handlers.o ABSOLUTE
    init.s                                   0x00000000   Number         0  init.o ABSOLUTE
    startup_stm32f103xb.s                    0x00000000   Number         0  startup_stm32f103xb.o ABSOLUTE
    RESET                                    0x08000000   Section      236  startup_stm32f103xb.o(RESET)
    .ARM.Collect$$$$00000000                 0x080000ec   Section        0  entry.o(.ARM.Collect$$$$00000000)
    .ARM.Collect$$$$00000001                 0x080000ec   Section        4  entry2.o(.ARM.Collect$$$$00000001)
    .ARM.Collect$$$$00000004                 0x080000f0   Section        4  entry5.o(.ARM.Collect$$$$00000004)
    .ARM.Collect$$$$00000008                 0x080000f4   Section        0  entry7b.o(.ARM.Collect$$$$00000008)
    .ARM.Collect$$$$0000000A                 0x080000f4   Section        0  entry8b.o(.ARM.Collect$$$$0000000A)
    .ARM.Collect$$$$0000000B                 0x080000f4   Section        8  entry9a.o(.ARM.Collect$$$$0000000B)
    .ARM.Collect$$$$0000000D                 0x080000fc   Section        0  entry10a.o(.ARM.Collect$$$$0000000D)
    .ARM.Collect$$$$0000000F                 0x080000fc   Section        0  entry11a.o(.ARM.Collect$$$$0000000F)
    .ARM.Collect$$$$00002712                 0x080000fc   Section        4  entry2.o(.ARM.Collect$$$$00002712)
    __lit__00000000                          0x080000fc   Data           4  entry2.o(.ARM.Collect$$$$00002712)
    .text                                    0x08000100   Section       36  startup_stm32f103xb.o(.text)
    .text                                    0x08000124   Section        0  memcpya.o(.text)
    .text                                    0x08000148   Section       36  init.o(.text)
    .text                                    0x0800016c   Section        0  __dczerorl2.o(.text)
    i.ADC_ConversionStop_Disable             0x080001c4   Section        0  stm32f1xx_hal_adc.o(i.ADC_ConversionStop_Disable)
    i.ADC_DMAConvCplt                        0x08000210   Section        0  stm32f1xx_hal_adc.o(i.ADC_DMAConvCplt)
    i.ADC_DMAError                           0x0800025e   Section        0  stm32f1xx_hal_adc.o(i.ADC_DMAError)
    i.ADC_DMAHalfConvCplt                    0x08000278   Section        0  stm32f1xx_hal_adc.o(i.ADC_DMAHalfConvCplt)
    i.ADC_Enable                             0x08000284   Section        0  stm32f1xx_hal_adc.o(i.ADC_Enable)
    i.BusFault_Handler                       0x080002f4   Section        0  stm32f1xx_it.o(i.BusFault_Handler)
    i.CUSTOM_HID_DeInit_FS                   0x080002f6   Section        0  usbd_custom_hid_if.o(i.CUSTOM_HID_DeInit_FS)
    CUSTOM_HID_DeInit_FS                     0x080002f7   Thumb Code     4  usbd_custom_hid_if.o(i.CUSTOM_HID_DeInit_FS)
    i.CUSTOM_HID_Init_FS                     0x080002fc   Section        0  usbd_custom_hid_if.o(i.CUSTOM_HID_Init_FS)
    CUSTOM_HID_Init_FS                       0x080002fd   Thumb Code    10  usbd_custom_hid_if.o(i.CUSTOM_HID_Init_FS)
    i.CUSTOM_HID_OutEvent_FS                 0x08000310   Section        0  usbd_custom_hid_if.o(i.CUSTOM_HID_OutEvent_FS)
    CUSTOM_HID_OutEvent_FS                   0x08000311   Thumb Code    28  usbd_custom_hid_if.o(i.CUSTOM_HID_OutEvent_FS)
    i.DMA1_Channel1_IRQHandler               0x08000334   Section        0  stm32f1xx_it.o(i.DMA1_Channel1_IRQHandler)
    i.DMA_SetConfig                          0x08000340   Section        0  stm32f1xx_hal_dma.o(i.DMA_SetConfig)
    DMA_SetConfig                            0x08000341   Thumb Code    42  stm32f1xx_hal_dma.o(i.DMA_SetConfig)
    i.DebugMon_Handler                       0x0800036a   Section        0  stm32f1xx_it.o(i.DebugMon_Handler)
    i.EXTI9_5_IRQHandler                     0x0800036c   Section        0  stm32f1xx_it.o(i.EXTI9_5_IRQHandler)
    i.HAL_ADC_ConfigChannel                  0x08000374   Section        0  stm32f1xx_hal_adc.o(i.HAL_ADC_ConfigChannel)
    i.HAL_ADC_ConvCpltCallback               0x08000470   Section        0  main.o(i.HAL_ADC_ConvCpltCallback)
    i.HAL_ADC_ConvHalfCpltCallback           0x080004c4   Section        0  stm32f1xx_hal_adc.o(i.HAL_ADC_ConvHalfCpltCallback)
    i.HAL_ADC_ErrorCallback                  0x080004c6   Section        0  stm32f1xx_hal_adc.o(i.HAL_ADC_ErrorCallback)
    i.HAL_ADC_Init                           0x080004c8   Section        0  stm32f1xx_hal_adc.o(i.HAL_ADC_Init)
    i.HAL_ADC_MspInit                        0x080005e4   Section        0  stm32f1xx_hal_msp.o(i.HAL_ADC_MspInit)
    i.HAL_ADC_Start_DMA                      0x0800067c   Section        0  stm32f1xx_hal_adc.o(i.HAL_ADC_Start_DMA)
    i.HAL_ADC_Start_IT                       0x08000788   Section        0  stm32f1xx_hal_adc.o(i.HAL_ADC_Start_IT)
    i.HAL_DMA_IRQHandler                     0x08000854   Section        0  stm32f1xx_hal_dma.o(i.HAL_DMA_IRQHandler)
    i.HAL_DMA_Init                           0x080009a8   Section        0  stm32f1xx_hal_dma.o(i.HAL_DMA_Init)
    i.HAL_DMA_Start_IT                       0x08000a0c   Section        0  stm32f1xx_hal_dma.o(i.HAL_DMA_Start_IT)
    i.HAL_Delay                              0x08000a7c   Section        0  stm32f1xx_hal.o(i.HAL_Delay)
    i.HAL_GPIO_EXTI_Callback                 0x08000a98   Section        0  stm32f1xx_hal_gpio.o(i.HAL_GPIO_EXTI_Callback)
    i.HAL_GPIO_EXTI_IRQHandler               0x08000a9c   Section        0  stm32f1xx_hal_gpio.o(i.HAL_GPIO_EXTI_IRQHandler)
    i.HAL_GPIO_Init                          0x08000ab4   Section        0  stm32f1xx_hal_gpio.o(i.HAL_GPIO_Init)
    i.HAL_GPIO_ReadPin                       0x08000c70   Section        0  stm32f1xx_hal_gpio.o(i.HAL_GPIO_ReadPin)
    i.HAL_GPIO_WritePin                      0x08000c7a   Section        0  stm32f1xx_hal_gpio.o(i.HAL_GPIO_WritePin)
    i.HAL_GetTick                            0x08000c84   Section        0  stm32f1xx_hal.o(i.HAL_GetTick)
    i.HAL_IncTick                            0x08000c90   Section        0  stm32f1xx_hal.o(i.HAL_IncTick)
    i.HAL_Init                               0x08000ca0   Section        0  stm32f1xx_hal.o(i.HAL_Init)
    i.HAL_InitTick                           0x08000cc4   Section        0  stm32f1xx_hal.o(i.HAL_InitTick)
    i.HAL_MspInit                            0x08000cec   Section        0  stm32f1xx_hal_msp.o(i.HAL_MspInit)
    i.HAL_NVIC_EnableIRQ                     0x08000d70   Section        0  stm32f1xx_hal_cortex.o(i.HAL_NVIC_EnableIRQ)
    i.HAL_NVIC_SetPriority                   0x08000d88   Section        0  stm32f1xx_hal_cortex.o(i.HAL_NVIC_SetPriority)
    i.HAL_NVIC_SetPriorityGrouping           0x08000dc8   Section        0  stm32f1xx_hal_cortex.o(i.HAL_NVIC_SetPriorityGrouping)
    i.HAL_PCDEx_PMAConfig                    0x08000dec   Section        0  stm32f1xx_hal_pcd_ex.o(i.HAL_PCDEx_PMAConfig)
    i.HAL_PCDEx_SetConnectionState           0x08000e20   Section        0  usbd_conf.o(i.HAL_PCDEx_SetConnectionState)
    i.HAL_PCD_DataInStageCallback            0x08000e22   Section        0  usbd_conf.o(i.HAL_PCD_DataInStageCallback)
    i.HAL_PCD_DataOutStageCallback           0x08000e30   Section        0  usbd_conf.o(i.HAL_PCD_DataOutStageCallback)
    i.HAL_PCD_EP_Close                       0x08000e40   Section        0  stm32f1xx_hal_pcd.o(i.HAL_PCD_EP_Close)
    i.HAL_PCD_EP_ClrStall                    0x08000e80   Section        0  stm32f1xx_hal_pcd.o(i.HAL_PCD_EP_ClrStall)
    i.HAL_PCD_EP_Open                        0x08000ec8   Section        0  stm32f1xx_hal_pcd.o(i.HAL_PCD_EP_Open)
    i.HAL_PCD_EP_Receive                     0x08000f0c   Section        0  stm32f1xx_hal_pcd.o(i.HAL_PCD_EP_Receive)
    i.HAL_PCD_EP_SetStall                    0x08000f3a   Section        0  stm32f1xx_hal_pcd.o(i.HAL_PCD_EP_SetStall)
    i.HAL_PCD_EP_Transmit                    0x08000f90   Section        0  stm32f1xx_hal_pcd.o(i.HAL_PCD_EP_Transmit)
    i.HAL_PCD_IRQHandler                     0x08000fba   Section        0  stm32f1xx_hal_pcd.o(i.HAL_PCD_IRQHandler)
    i.HAL_PCD_Init                           0x080010c8   Section        0  stm32f1xx_hal_pcd.o(i.HAL_PCD_Init)
    i.HAL_PCD_MspInit                        0x08001188   Section        0  usbd_conf.o(i.HAL_PCD_MspInit)
    i.HAL_PCD_ResetCallback                  0x080011c4   Section        0  usbd_conf.o(i.HAL_PCD_ResetCallback)
    i.HAL_PCD_ResumeCallback                 0x080011de   Section        0  usbd_conf.o(i.HAL_PCD_ResumeCallback)
    i.HAL_PCD_SOFCallback                    0x080011e6   Section        0  usbd_conf.o(i.HAL_PCD_SOFCallback)
    i.HAL_PCD_SetAddress                     0x080011ee   Section        0  stm32f1xx_hal_pcd.o(i.HAL_PCD_SetAddress)
    i.HAL_PCD_SetupStageCallback             0x08001216   Section        0  usbd_conf.o(i.HAL_PCD_SetupStageCallback)
    i.HAL_PCD_Start                          0x08001224   Section        0  stm32f1xx_hal_pcd.o(i.HAL_PCD_Start)
    i.HAL_PCD_SuspendCallback                0x08001258   Section        0  usbd_conf.o(i.HAL_PCD_SuspendCallback)
    i.HAL_RCCEx_PeriphCLKConfig              0x0800127c   Section        0  stm32f1xx_hal_rcc_ex.o(i.HAL_RCCEx_PeriphCLKConfig)
    i.HAL_RCC_ClockConfig                    0x08001368   Section        0  stm32f1xx_hal_rcc.o(i.HAL_RCC_ClockConfig)
    i.HAL_RCC_GetHCLKFreq                    0x080014bc   Section        0  stm32f1xx_hal_rcc.o(i.HAL_RCC_GetHCLKFreq)
    i.HAL_RCC_GetSysClockFreq                0x080014c8   Section        0  stm32f1xx_hal_rcc.o(i.HAL_RCC_GetSysClockFreq)
    i.HAL_RCC_OscConfig                      0x08001534   Section        0  stm32f1xx_hal_rcc.o(i.HAL_RCC_OscConfig)
    i.HAL_SYSTICK_CLKSourceConfig            0x08001838   Section        0  stm32f1xx_hal_cortex.o(i.HAL_SYSTICK_CLKSourceConfig)
    i.HAL_SYSTICK_Callback                   0x08001850   Section        0  stm32f1xx_hal_cortex.o(i.HAL_SYSTICK_Callback)
    i.HAL_SYSTICK_Config                     0x08001852   Section        0  stm32f1xx_hal_cortex.o(i.HAL_SYSTICK_Config)
    i.HAL_SYSTICK_IRQHandler                 0x0800187a   Section        0  stm32f1xx_hal_cortex.o(i.HAL_SYSTICK_IRQHandler)
    i.HAL_TIMEx_BreakCallback                0x08001882   Section        0  stm32f1xx_hal_tim_ex.o(i.HAL_TIMEx_BreakCallback)
    i.HAL_TIMEx_CommutationCallback          0x08001884   Section        0  stm32f1xx_hal_tim_ex.o(i.HAL_TIMEx_CommutationCallback)
    i.HAL_TIMEx_MasterConfigSynchronization  0x08001886   Section        0  stm32f1xx_hal_tim_ex.o(i.HAL_TIMEx_MasterConfigSynchronization)
    i.HAL_TIM_Base_Init                      0x080018d6   Section        0  stm32f1xx_hal_tim.o(i.HAL_TIM_Base_Init)
    i.HAL_TIM_Base_MspInit                   0x0800190c   Section        0  stm32f1xx_hal_msp.o(i.HAL_TIM_Base_MspInit)
    i.HAL_TIM_Base_Start_IT                  0x08001948   Section        0  stm32f1xx_hal_tim.o(i.HAL_TIM_Base_Start_IT)
    i.HAL_TIM_ConfigClockSource              0x08001960   Section        0  stm32f1xx_hal_tim.o(i.HAL_TIM_ConfigClockSource)
    i.HAL_TIM_IC_CaptureCallback             0x08001a52   Section        0  stm32f1xx_hal_tim.o(i.HAL_TIM_IC_CaptureCallback)
    i.HAL_TIM_IRQHandler                     0x08001a54   Section        0  stm32f1xx_hal_tim.o(i.HAL_TIM_IRQHandler)
    i.HAL_TIM_OC_DelayElapsedCallback        0x08001bba   Section        0  stm32f1xx_hal_tim.o(i.HAL_TIM_OC_DelayElapsedCallback)
    i.HAL_TIM_PWM_PulseFinishedCallback      0x08001bbc   Section        0  stm32f1xx_hal_tim.o(i.HAL_TIM_PWM_PulseFinishedCallback)
    i.HAL_TIM_PeriodElapsedCallback          0x08001bc0   Section        0  main.o(i.HAL_TIM_PeriodElapsedCallback)
    i.HAL_TIM_TriggerCallback                0x08001bd4   Section        0  stm32f1xx_hal_tim.o(i.HAL_TIM_TriggerCallback)
    i.HardFault_Handler                      0x08001bd6   Section        0  stm32f1xx_it.o(i.HardFault_Handler)
    i.MX_ADC1_Init                           0x08001bd8   Section        0  main.o(i.MX_ADC1_Init)
    MX_ADC1_Init                             0x08001bd9   Thumb Code   150  main.o(i.MX_ADC1_Init)
    i.MX_GPIO_Init                           0x08001c78   Section        0  main.o(i.MX_GPIO_Init)
    MX_GPIO_Init                             0x08001c79   Thumb Code   242  main.o(i.MX_GPIO_Init)
    i.MX_TIM3_Init                           0x08001d80   Section        0  main.o(i.MX_TIM3_Init)
    MX_TIM3_Init                             0x08001d81   Thumb Code    76  main.o(i.MX_TIM3_Init)
    i.MX_USB_DEVICE_Init                     0x08001dd4   Section        0  usb_device.o(i.MX_USB_DEVICE_Init)
    i.MemManage_Handler                      0x08001e0c   Section        0  stm32f1xx_it.o(i.MemManage_Handler)
    i.NMI_Handler                            0x08001e0e   Section        0  stm32f1xx_it.o(i.NMI_Handler)
    i.NVIC_SetPriority                       0x08001e10   Section        0  stm32f1xx_hal_cortex.o(i.NVIC_SetPriority)
    NVIC_SetPriority                         0x08001e11   Thumb Code    32  stm32f1xx_hal_cortex.o(i.NVIC_SetPriority)
    i.PCD_EP_ISR_Handler                     0x08001e30   Section        0  stm32f1xx_hal_pcd.o(i.PCD_EP_ISR_Handler)
    PCD_EP_ISR_Handler                       0x08001e31   Thumb Code   866  stm32f1xx_hal_pcd.o(i.PCD_EP_ISR_Handler)
    i.Sonar_Init                             0x08002194   Section        0  hc_sr04_lib.o(i.Sonar_Init)
    i.Sonar_Read                             0x080021ac   Section        0  hc_sr04_lib.o(i.Sonar_Read)
    i.SysTick_Handler                        0x08002264   Section        0  stm32f1xx_it.o(i.SysTick_Handler)
    i.SystemClock_Config                     0x08002272   Section        0  main.o(i.SystemClock_Config)
    i.SystemInit                             0x080022f0   Section        0  system_stm32f1xx.o(i.SystemInit)
    i.TIM3_IRQHandler                        0x08002338   Section        0  stm32f1xx_it.o(i.TIM3_IRQHandler)
    i.TIME_getMicros                         0x08002344   Section        0  time_lib.o(i.TIME_getMicros)
    i.TIME_init                              0x08002364   Section        0  time_lib.o(i.TIME_init)
    i.TIM_Base_SetConfig                     0x08002398   Section        0  stm32f1xx_hal_tim.o(i.TIM_Base_SetConfig)
    i.TIM_ETR_SetConfig                      0x08002404   Section        0  stm32f1xx_hal_tim.o(i.TIM_ETR_SetConfig)
    TIM_ETR_SetConfig                        0x08002405   Thumb Code    20  stm32f1xx_hal_tim.o(i.TIM_ETR_SetConfig)
    i.TIM_ITRx_SetConfig                     0x08002418   Section        0  stm32f1xx_hal_tim.o(i.TIM_ITRx_SetConfig)
    TIM_ITRx_SetConfig                       0x08002419   Thumb Code    16  stm32f1xx_hal_tim.o(i.TIM_ITRx_SetConfig)
    i.TIM_TI1_ConfigInputStage               0x08002428   Section        0  stm32f1xx_hal_tim.o(i.TIM_TI1_ConfigInputStage)
    TIM_TI1_ConfigInputStage                 0x08002429   Thumb Code    34  stm32f1xx_hal_tim.o(i.TIM_TI1_ConfigInputStage)
    i.TIM_TI2_ConfigInputStage               0x0800244a   Section        0  stm32f1xx_hal_tim.o(i.TIM_TI2_ConfigInputStage)
    TIM_TI2_ConfigInputStage                 0x0800244b   Thumb Code    36  stm32f1xx_hal_tim.o(i.TIM_TI2_ConfigInputStage)
    i.USBD_CUSTOM_HID_DataIn                 0x0800246e   Section        0  usbd_customhid.o(i.USBD_CUSTOM_HID_DataIn)
    USBD_CUSTOM_HID_DataIn                   0x0800246f   Thumb Code    12  usbd_customhid.o(i.USBD_CUSTOM_HID_DataIn)
    i.USBD_CUSTOM_HID_DataOut                0x0800247c   Section        0  usbd_customhid.o(i.USBD_CUSTOM_HID_DataOut)
    USBD_CUSTOM_HID_DataOut                  0x0800247d   Thumb Code    24  usbd_customhid.o(i.USBD_CUSTOM_HID_DataOut)
    i.USBD_CUSTOM_HID_DeInit                 0x08002498   Section        0  usbd_customhid.o(i.USBD_CUSTOM_HID_DeInit)
    USBD_CUSTOM_HID_DeInit                   0x08002499   Thumb Code    50  usbd_customhid.o(i.USBD_CUSTOM_HID_DeInit)
    i.USBD_CUSTOM_HID_EP0_RxReady            0x080024ca   Section        0  usbd_customhid.o(i.USBD_CUSTOM_HID_EP0_RxReady)
    USBD_CUSTOM_HID_EP0_RxReady              0x080024cb   Thumb Code    34  usbd_customhid.o(i.USBD_CUSTOM_HID_EP0_RxReady)
    i.USBD_CUSTOM_HID_GetCfgDesc             0x080024ec   Section        0  usbd_customhid.o(i.USBD_CUSTOM_HID_GetCfgDesc)
    USBD_CUSTOM_HID_GetCfgDesc               0x080024ed   Thumb Code     8  usbd_customhid.o(i.USBD_CUSTOM_HID_GetCfgDesc)
    i.USBD_CUSTOM_HID_GetDeviceQualifierDesc 0x080024f8   Section        0  usbd_customhid.o(i.USBD_CUSTOM_HID_GetDeviceQualifierDesc)
    USBD_CUSTOM_HID_GetDeviceQualifierDesc   0x080024f9   Thumb Code     8  usbd_customhid.o(i.USBD_CUSTOM_HID_GetDeviceQualifierDesc)
    i.USBD_CUSTOM_HID_Init                   0x08002504   Section        0  usbd_customhid.o(i.USBD_CUSTOM_HID_Init)
    USBD_CUSTOM_HID_Init                     0x08002505   Thumb Code   110  usbd_customhid.o(i.USBD_CUSTOM_HID_Init)
    i.USBD_CUSTOM_HID_RegisterInterface      0x08002572   Section        0  usbd_customhid.o(i.USBD_CUSTOM_HID_RegisterInterface)
    i.USBD_CUSTOM_HID_SendReport             0x08002582   Section        0  usbd_customhid.o(i.USBD_CUSTOM_HID_SendReport)
    i.USBD_CUSTOM_HID_Setup                  0x080025a8   Section        0  usbd_customhid.o(i.USBD_CUSTOM_HID_Setup)
    USBD_CUSTOM_HID_Setup                    0x080025a9   Thumb Code   178  usbd_customhid.o(i.USBD_CUSTOM_HID_Setup)
    i.USBD_ClrClassConfig                    0x08002660   Section        0  usbd_core.o(i.USBD_ClrClassConfig)
    i.USBD_CtlContinueRx                     0x0800266e   Section        0  usbd_ioreq.o(i.USBD_CtlContinueRx)
    i.USBD_CtlContinueSendData               0x0800267e   Section        0  usbd_ioreq.o(i.USBD_CtlContinueSendData)
    i.USBD_CtlError                          0x0800268e   Section        0  usbd_ctlreq.o(i.USBD_CtlError)
    i.USBD_CtlPrepareRx                      0x080026a4   Section        0  usbd_ioreq.o(i.USBD_CtlPrepareRx)
    i.USBD_CtlReceiveStatus                  0x080026c2   Section        0  usbd_ioreq.o(i.USBD_CtlReceiveStatus)
    i.USBD_CtlSendData                       0x080026d8   Section        0  usbd_ioreq.o(i.USBD_CtlSendData)
    i.USBD_CtlSendStatus                     0x080026f2   Section        0  usbd_ioreq.o(i.USBD_CtlSendStatus)
    i.USBD_FS_ConfigStrDescriptor            0x08002708   Section        0  usbd_desc.o(i.USBD_FS_ConfigStrDescriptor)
    i.USBD_FS_DeviceDescriptor               0x08002730   Section        0  usbd_desc.o(i.USBD_FS_DeviceDescriptor)
    i.USBD_FS_InterfaceStrDescriptor         0x0800273c   Section        0  usbd_desc.o(i.USBD_FS_InterfaceStrDescriptor)
    i.USBD_FS_LangIDStrDescriptor            0x08002754   Section        0  usbd_desc.o(i.USBD_FS_LangIDStrDescriptor)
    i.USBD_FS_ManufacturerStrDescriptor      0x08002760   Section        0  usbd_desc.o(i.USBD_FS_ManufacturerStrDescriptor)
    i.USBD_FS_ProductStrDescriptor           0x08002780   Section        0  usbd_desc.o(i.USBD_FS_ProductStrDescriptor)
    i.USBD_FS_SerialStrDescriptor            0x080027a0   Section        0  usbd_desc.o(i.USBD_FS_SerialStrDescriptor)
    i.USBD_GetDescriptor                     0x080027c4   Section        0  usbd_ctlreq.o(i.USBD_GetDescriptor)
    USBD_GetDescriptor                       0x080027c5   Thumb Code   242  usbd_ctlreq.o(i.USBD_GetDescriptor)
    i.USBD_GetString                         0x080028b6   Section        0  usbd_ctlreq.o(i.USBD_GetString)
    i.USBD_Init                              0x080028fc   Section        0  usbd_core.o(i.USBD_Init)
    i.USBD_LL_ClearStallEP                   0x08002926   Section        0  usbd_conf.o(i.USBD_LL_ClearStallEP)
    i.USBD_LL_CloseEP                        0x08002934   Section        0  usbd_conf.o(i.USBD_LL_CloseEP)
    i.USBD_LL_DataInStage                    0x08002942   Section        0  usbd_core.o(i.USBD_LL_DataInStage)
    i.USBD_LL_DataOutStage                   0x080029ec   Section        0  usbd_core.o(i.USBD_LL_DataOutStage)
    i.USBD_LL_Init                           0x08002a58   Section        0  usbd_conf.o(i.USBD_LL_Init)
    i.USBD_LL_IsStallEP                      0x08002b18   Section        0  usbd_conf.o(i.USBD_LL_IsStallEP)
    i.USBD_LL_OpenEP                         0x08002b34   Section        0  usbd_conf.o(i.USBD_LL_OpenEP)
    i.USBD_LL_PrepareReceive                 0x08002b48   Section        0  usbd_conf.o(i.USBD_LL_PrepareReceive)
    i.USBD_LL_Reset                          0x08002b56   Section        0  usbd_core.o(i.USBD_LL_Reset)
    i.USBD_LL_Resume                         0x08002b94   Section        0  usbd_core.o(i.USBD_LL_Resume)
    i.USBD_LL_SOF                            0x08002ba0   Section        0  usbd_core.o(i.USBD_LL_SOF)
    i.USBD_LL_SetSpeed                       0x08002bb8   Section        0  usbd_core.o(i.USBD_LL_SetSpeed)
    i.USBD_LL_SetUSBAddress                  0x08002bbe   Section        0  usbd_conf.o(i.USBD_LL_SetUSBAddress)
    i.USBD_LL_SetupStage                     0x08002bcc   Section        0  usbd_core.o(i.USBD_LL_SetupStage)
    i.USBD_LL_StallEP                        0x08002c26   Section        0  usbd_conf.o(i.USBD_LL_StallEP)
    i.USBD_LL_Start                          0x08002c34   Section        0  usbd_conf.o(i.USBD_LL_Start)
    i.USBD_LL_Suspend                        0x08002c42   Section        0  usbd_core.o(i.USBD_LL_Suspend)
    i.USBD_LL_Transmit                       0x08002c54   Section        0  usbd_conf.o(i.USBD_LL_Transmit)
    i.USBD_ParseSetupRequest                 0x08002c62   Section        0  usbd_ctlreq.o(i.USBD_ParseSetupRequest)
    i.USBD_RegisterClass                     0x08002c8a   Section        0  usbd_core.o(i.USBD_RegisterClass)
    i.USBD_SetClassConfig                    0x08002c9a   Section        0  usbd_core.o(i.USBD_SetClassConfig)
    i.USBD_SetConfig                         0x08002cb0   Section        0  usbd_ctlreq.o(i.USBD_SetConfig)
    USBD_SetConfig                           0x08002cb1   Thumb Code   110  usbd_ctlreq.o(i.USBD_SetConfig)
    i.USBD_Start                             0x08002d24   Section        0  usbd_core.o(i.USBD_Start)
    i.USBD_StdDevReq                         0x08002d2e   Section        0  usbd_ctlreq.o(i.USBD_StdDevReq)
    i.USBD_StdEPReq                          0x08002e20   Section        0  usbd_ctlreq.o(i.USBD_StdEPReq)
    i.USBD_StdItfReq                         0x08002efc   Section        0  usbd_ctlreq.o(i.USBD_StdItfReq)
    i.USBD_static_free                       0x08002f30   Section        0  usbd_conf.o(i.USBD_static_free)
    i.USBD_static_malloc                     0x08002f34   Section        0  usbd_conf.o(i.USBD_static_malloc)
    i.USB_ActivateEndpoint                   0x08002f3c   Section        0  stm32f1xx_ll_usb.o(i.USB_ActivateEndpoint)
    i.USB_CoreInit                           0x08003198   Section        0  stm32f1xx_ll_usb.o(i.USB_CoreInit)
    i.USB_DeactivateEndpoint                 0x0800319c   Section        0  stm32f1xx_ll_usb.o(i.USB_DeactivateEndpoint)
    i.USB_DevConnect                         0x080032c0   Section        0  stm32f1xx_ll_usb.o(i.USB_DevConnect)
    i.USB_DevDisconnect                      0x080032c4   Section        0  stm32f1xx_ll_usb.o(i.USB_DevDisconnect)
    i.USB_DevInit                            0x080032c8   Section        0  stm32f1xx_ll_usb.o(i.USB_DevInit)
    i.USB_DisableGlobalInt                   0x080032e6   Section        0  stm32f1xx_ll_usb.o(i.USB_DisableGlobalInt)
    i.USB_EP0_OutStart                       0x080032f4   Section        0  stm32f1xx_ll_usb.o(i.USB_EP0_OutStart)
    i.USB_EPClearStall                       0x080032f8   Section        0  stm32f1xx_ll_usb.o(i.USB_EPClearStall)
    i.USB_EPSetStall                         0x08003362   Section        0  stm32f1xx_ll_usb.o(i.USB_EPSetStall)
    i.USB_EPStartXfer                        0x080033ac   Section        0  stm32f1xx_ll_usb.o(i.USB_EPStartXfer)
    i.USB_EnableGlobalInt                    0x08003556   Section        0  stm32f1xx_ll_usb.o(i.USB_EnableGlobalInt)
    i.USB_LP_CAN1_RX0_IRQHandler             0x08003564   Section        0  stm32f1xx_it.o(i.USB_LP_CAN1_RX0_IRQHandler)
    i.USB_ReadInterrupts                     0x08003570   Section        0  stm32f1xx_ll_usb.o(i.USB_ReadInterrupts)
    i.USB_ReadPMA                            0x08003578   Section        0  stm32f1xx_ll_usb.o(i.USB_ReadPMA)
    i.USB_SetCurrentMode                     0x08003596   Section        0  stm32f1xx_ll_usb.o(i.USB_SetCurrentMode)
    i.USB_SetDevAddress                      0x0800359a   Section        0  stm32f1xx_ll_usb.o(i.USB_SetDevAddress)
    i.USB_WritePMA                           0x080035a6   Section        0  stm32f1xx_ll_usb.o(i.USB_WritePMA)
    i.UsageFault_Handler                     0x080035cc   Section        0  stm32f1xx_it.o(i.UsageFault_Handler)
    i.XINPUT_buttonArrayUpdate               0x080035d0   Section        0  xinput.o(i.XINPUT_buttonArrayUpdate)
    i.XINPUT_dpadUpdate                      0x080036b4   Section        0  xinput.o(i.XINPUT_dpadUpdate)
    i.XINPUT_stickUpdate                     0x080036f8   Section        0  xinput.o(i.XINPUT_stickUpdate)
    i.XINPUT_triggerUpdate                   0x08003728   Section        0  xinput.o(i.XINPUT_triggerUpdate)
    i._Error_Handler                         0x08003734   Section        0  main.o(i._Error_Handler)
    i.__scatterload_copy                     0x08003736   Section       14  handlers.o(i.__scatterload_copy)
    i.__scatterload_null                     0x08003744   Section        2  handlers.o(i.__scatterload_null)
    i.__scatterload_zeroinit                 0x08003746   Section       14  handlers.o(i.__scatterload_zeroinit)
    i.add_millis                             0x08003754   Section        0  time_lib.o(i.add_millis)
    i.declareAnalogPins                      0x08003764   Section        0  stm32_xinput.o(i.declareAnalogPins)
    i.declareButtonPins                      0x080037ac   Section        0  stm32_xinput.o(i.declareButtonPins)
    i.declareEncoderPins                     0x0800385c   Section        0  stm32_xinput.o(i.declareEncoderPins)
    i.main                                   0x08003874   Section        0  main.o(i.main)
    i.map                                    0x0800394c   Section        0  stm32_xinput.o(i.map)
    i.readAdcValues                          0x08003970   Section        0  stm32_xinput.o(i.readAdcValues)
    i.readButtons                            0x08003a00   Section        0  stm32_xinput.o(i.readButtons)
    i.updateSticks                           0x08003a98   Section        0  stm32_xinput.o(i.updateSticks)
    i.updateTriggers                         0x08003ad8   Section        0  stm32_xinput.o(i.updateTriggers)
    .constdata                               0x08003ae8   Section      179  usbd_desc.o(.constdata)
    .constdata                               0x08003b9b   Section       16  system_stm32f1xx.o(.constdata)
    .data                                    0x20000000   Section        2  usbd_custom_hid_if.o(.data)
    CUSTOM_HID_ReportDesc_FS                 0x20000000   Data           2  usbd_custom_hid_if.o(.data)
    .data                                    0x20000004   Section       16  usbd_custom_hid_if.o(.data)
    .data                                    0x20000014   Section        4  usbd_custom_hid_if.o(.data)
    .data                                    0x20000018   Section       28  usbd_desc.o(.data)
    .data                                    0x20000034   Section       22  usbd_desc.o(.data)
    .data                                    0x2000004a   Section        8  main.o(.data)
    .data                                    0x20000054   Section       82  xinput.o(.data)
    .data                                    0x200000a6   Section       26  stm32_xinput.o(.data)
    .data                                    0x200000c0   Section        8  time_lib.o(.data)
    time_us                                  0x200000c0   Data           4  time_lib.o(.data)
    time_ms                                  0x200000c4   Data           4  time_lib.o(.data)
    .data                                    0x200000c8   Section       16  hc_sr04_lib.o(.data)
    .data                                    0x200000d8   Section        4  stm32f1xx_hal.o(.data)
    .data                                    0x200000dc   Section        4  system_stm32f1xx.o(.data)
    .data                                    0x200000e0   Section       60  usbd_customhid.o(.data)
    .data                                    0x2000011c   Section      178  usbd_customhid.o(.data)
    USBD_CUSTOM_HID_CfgDesc                  0x2000011c   Data         153  usbd_customhid.o(.data)
    USBD_CUSTOM_HID_Desc                     0x200001b8   Data           9  usbd_customhid.o(.data)
    USBD_CUSTOM_HID_DeviceQualifierDesc      0x200001c4   Data          10  usbd_customhid.o(.data)
    .data                                    0x200001ce   Section        1  usbd_ctlreq.o(.data)
    cfgidx                                   0x200001ce   Data           1  usbd_ctlreq.o(.data)
    .bss                                     0x200001d0   Section     1148  usbd_conf.o(.bss)
    mem                                      0x200001d0   Data          28  usbd_conf.o(.bss)
    .bss                                     0x2000064c   Section      512  usbd_desc.o(.bss)
    .bss                                     0x2000084c   Section      548  usb_device.o(.bss)
    .bss                                     0x20000a70   Section      204  main.o(.bss)
    .bss                                     0x20000b3c   Section      192  stm32_xinput.o(.bss)
    .bss                                     0x20000bfc   Section       64  time_lib.o(.bss)
    STACK                                    0x20000c40   Section     2048  startup_stm32f103xb.o(STACK)

    Global Symbols

    Symbol Name                              Value     Ov Type        Size  Object(Section)

    BuildAttributes$$THM_ISAv4$P$D$K$B$S$PE$A:L22UL41UL21$X:L11$S22US41US21$IEEE1$IW$USESV6$~STKCKD$USESV7$~SHL$OSPACE$EBA8$MICROLIB$REQ8$PRES8$EABIv2 0x00000000   Number         0  anon$$obj.o ABSOLUTE
    __ARM_use_no_argv                        0x00000000   Number         0  main.o ABSOLUTE
    __cpp_initialize__aeabi_                  - Undefined Weak Reference
    __cxa_finalize                            - Undefined Weak Reference
    _clock_init                               - Undefined Weak Reference
    _microlib_exit                            - Undefined Weak Reference
    __Vectors_Size                           0x000000ec   Number         0  startup_stm32f103xb.o ABSOLUTE
    __Vectors                                0x08000000   Data           4  startup_stm32f103xb.o(RESET)
    __Vectors_End                            0x080000ec   Data           0  startup_stm32f103xb.o(RESET)
    __main                                   0x080000ed   Thumb Code     0  entry.o(.ARM.Collect$$$$00000000)
    _main_stk                                0x080000ed   Thumb Code     0  entry2.o(.ARM.Collect$$$$00000001)
    _main_scatterload                        0x080000f1   Thumb Code     0  entry5.o(.ARM.Collect$$$$00000004)
    __main_after_scatterload                 0x080000f5   Thumb Code     0  entry5.o(.ARM.Collect$$$$00000004)
    _main_clock                              0x080000f5   Thumb Code     0  entry7b.o(.ARM.Collect$$$$00000008)
    _main_cpp_init                           0x080000f5   Thumb Code     0  entry8b.o(.ARM.Collect$$$$0000000A)
    _main_init                               0x080000f5   Thumb Code     0  entry9a.o(.ARM.Collect$$$$0000000B)
    __rt_final_cpp                           0x080000fd   Thumb Code     0  entry10a.o(.ARM.Collect$$$$0000000D)
    __rt_final_exit                          0x080000fd   Thumb Code     0  entry11a.o(.ARM.Collect$$$$0000000F)
    Reset_Handler                            0x08000101   Thumb Code     8  startup_stm32f103xb.o(.text)
    SVC_Handler                              0x08000113   Thumb Code     2  startup_stm32f103xb.o(.text)
    PendSV_Handler                           0x08000117   Thumb Code     2  startup_stm32f103xb.o(.text)
    ADC1_2_IRQHandler                        0x0800011b   Thumb Code     0  startup_stm32f103xb.o(.text)
    CAN1_RX1_IRQHandler                      0x0800011b   Thumb Code     0  startup_stm32f103xb.o(.text)
    CAN1_SCE_IRQHandler                      0x0800011b   Thumb Code     0  startup_stm32f103xb.o(.text)
    DMA1_Channel2_IRQHandler                 0x0800011b   Thumb Code     0  startup_stm32f103xb.o(.text)
    DMA1_Channel3_IRQHandler                 0x0800011b   Thumb Code     0  startup_stm32f103xb.o(.text)
    DMA1_Channel4_IRQHandler                 0x0800011b   Thumb Code     0  startup_stm32f103xb.o(.text)
    DMA1_Channel5_IRQHandler                 0x0800011b   Thumb Code     0  startup_stm32f103xb.o(.text)
    DMA1_Channel6_IRQHandler                 0x0800011b   Thumb Code     0  startup_stm32f103xb.o(.text)
    DMA1_Channel7_IRQHandler                 0x0800011b   Thumb Code     0  startup_stm32f103xb.o(.text)
    EXTI0_IRQHandler                         0x0800011b   Thumb Code     0  startup_stm32f103xb.o(.text)
    EXTI15_10_IRQHandler                     0x0800011b   Thumb Code     0  startup_stm32f103xb.o(.text)
    EXTI1_IRQHandler                         0x0800011b   Thumb Code     0  startup_stm32f103xb.o(.text)
    EXTI2_IRQHandler                         0x0800011b   Thumb Code     0  startup_stm32f103xb.o(.text)
    EXTI3_IRQHandler                         0x0800011b   Thumb Code     0  startup_stm32f103xb.o(.text)
    EXTI4_IRQHandler                         0x0800011b   Thumb Code     0  startup_stm32f103xb.o(.text)
    FLASH_IRQHandler                         0x0800011b   Thumb Code     0  startup_stm32f103xb.o(.text)
    I2C1_ER_IRQHandler                       0x0800011b   Thumb Code     0  startup_stm32f103xb.o(.text)
    I2C1_EV_IRQHandler                       0x0800011b   Thumb Code     0  startup_stm32f103xb.o(.text)
    I2C2_ER_IRQHandler                       0x0800011b   Thumb Code     0  startup_stm32f103xb.o(.text)
    I2C2_EV_IRQHandler                       0x0800011b   Thumb Code     0  startup_stm32f103xb.o(.text)
    PVD_IRQHandler                           0x0800011b   Thumb Code     0  startup_stm32f103xb.o(.text)
    RCC_IRQHandler                           0x0800011b   Thumb Code     0  startup_stm32f103xb.o(.text)
    RTC_Alarm_IRQHandler                     0x0800011b   Thumb Code     0  startup_stm32f103xb.o(.text)
    RTC_IRQHandler                           0x0800011b   Thumb Code     0  startup_stm32f103xb.o(.text)
    SPI1_IRQHandler                          0x0800011b   Thumb Code     0  startup_stm32f103xb.o(.text)
    SPI2_IRQHandler                          0x0800011b   Thumb Code     0  startup_stm32f103xb.o(.text)
    TAMPER_IRQHandler                        0x0800011b   Thumb Code     0  startup_stm32f103xb.o(.text)
    TIM1_BRK_IRQHandler                      0x0800011b   Thumb Code     0  startup_stm32f103xb.o(.text)
    TIM1_CC_IRQHandler                       0x0800011b   Thumb Code     0  startup_stm32f103xb.o(.text)
    TIM1_TRG_COM_IRQHandler                  0x0800011b   Thumb Code     0  startup_stm32f103xb.o(.text)
    TIM1_UP_IRQHandler                       0x0800011b   Thumb Code     0  startup_stm32f103xb.o(.text)
    TIM2_IRQHandler                          0x0800011b   Thumb Code     0  startup_stm32f103xb.o(.text)
    TIM4_IRQHandler                          0x0800011b   Thumb Code     0  startup_stm32f103xb.o(.text)
    USART1_IRQHandler                        0x0800011b   Thumb Code     0  startup_stm32f103xb.o(.text)
    USART2_IRQHandler                        0x0800011b   Thumb Code     0  startup_stm32f103xb.o(.text)
    USART3_IRQHandler                        0x0800011b   Thumb Code     0  startup_stm32f103xb.o(.text)
    USBWakeUp_IRQHandler                     0x0800011b   Thumb Code     0  startup_stm32f103xb.o(.text)
    USB_HP_CAN1_TX_IRQHandler                0x0800011b   Thumb Code     0  startup_stm32f103xb.o(.text)
    WWDG_IRQHandler                          0x0800011b   Thumb Code     0  startup_stm32f103xb.o(.text)
    __aeabi_memcpy                           0x08000125   Thumb Code    36  memcpya.o(.text)
    __aeabi_memcpy4                          0x08000125   Thumb Code     0  memcpya.o(.text)
    __aeabi_memcpy8                          0x08000125   Thumb Code     0  memcpya.o(.text)
    __scatterload                            0x08000149   Thumb Code    28  init.o(.text)
    __scatterload_rt2                        0x08000149   Thumb Code     0  init.o(.text)
    __decompress                             0x0800016d   Thumb Code     0  __dczerorl2.o(.text)
    __decompress1                            0x0800016d   Thumb Code    86  __dczerorl2.o(.text)
    ADC_ConversionStop_Disable               0x080001c5   Thumb Code    76  stm32f1xx_hal_adc.o(i.ADC_ConversionStop_Disable)
    ADC_DMAConvCplt                          0x08000211   Thumb Code    78  stm32f1xx_hal_adc.o(i.ADC_DMAConvCplt)
    ADC_DMAError                             0x0800025f   Thumb Code    26  stm32f1xx_hal_adc.o(i.ADC_DMAError)
    ADC_DMAHalfConvCplt                      0x08000279   Thumb Code    10  stm32f1xx_hal_adc.o(i.ADC_DMAHalfConvCplt)
    ADC_Enable                               0x08000285   Thumb Code   104  stm32f1xx_hal_adc.o(i.ADC_Enable)
    BusFault_Handler                         0x080002f5   Thumb Code     2  stm32f1xx_it.o(i.BusFault_Handler)
    DMA1_Channel1_IRQHandler                 0x08000335   Thumb Code     6  stm32f1xx_it.o(i.DMA1_Channel1_IRQHandler)
    DebugMon_Handler                         0x0800036b   Thumb Code     2  stm32f1xx_it.o(i.DebugMon_Handler)
    EXTI9_5_IRQHandler                       0x0800036d   Thumb Code     8  stm32f1xx_it.o(i.EXTI9_5_IRQHandler)
    HAL_ADC_ConfigChannel                    0x08000375   Thumb Code   240  stm32f1xx_hal_adc.o(i.HAL_ADC_ConfigChannel)
    HAL_ADC_ConvCpltCallback                 0x08000471   Thumb Code    52  main.o(i.HAL_ADC_ConvCpltCallback)
    HAL_ADC_ConvHalfCpltCallback             0x080004c5   Thumb Code     2  stm32f1xx_hal_adc.o(i.HAL_ADC_ConvHalfCpltCallback)
    HAL_ADC_ErrorCallback                    0x080004c7   Thumb Code     2  stm32f1xx_hal_adc.o(i.HAL_ADC_ErrorCallback)
    HAL_ADC_Init                             0x080004c9   Thumb Code   272  stm32f1xx_hal_adc.o(i.HAL_ADC_Init)
    HAL_ADC_MspInit                          0x080005e5   Thumb Code   102  stm32f1xx_hal_msp.o(i.HAL_ADC_MspInit)
    HAL_ADC_Start_DMA                        0x0800067d   Thumb Code   246  stm32f1xx_hal_adc.o(i.HAL_ADC_Start_DMA)
    HAL_ADC_Start_IT                         0x08000789   Thumb Code   194  stm32f1xx_hal_adc.o(i.HAL_ADC_Start_IT)
    HAL_DMA_IRQHandler                       0x08000855   Thumb Code   316  stm32f1xx_hal_dma.o(i.HAL_DMA_IRQHandler)
    HAL_DMA_Init                             0x080009a9   Thumb Code    92  stm32f1xx_hal_dma.o(i.HAL_DMA_Init)
    HAL_DMA_Start_IT                         0x08000a0d   Thumb Code   112  stm32f1xx_hal_dma.o(i.HAL_DMA_Start_IT)
    HAL_Delay                                0x08000a7d   Thumb Code    28  stm32f1xx_hal.o(i.HAL_Delay)
    HAL_GPIO_EXTI_Callback                   0x08000a99   Thumb Code     2  stm32f1xx_hal_gpio.o(i.HAL_GPIO_EXTI_Callback)
    HAL_GPIO_EXTI_IRQHandler                 0x08000a9d   Thumb Code    18  stm32f1xx_hal_gpio.o(i.HAL_GPIO_EXTI_IRQHandler)
    HAL_GPIO_Init                            0x08000ab5   Thumb Code   408  stm32f1xx_hal_gpio.o(i.HAL_GPIO_Init)
    HAL_GPIO_ReadPin                         0x08000c71   Thumb Code    10  stm32f1xx_hal_gpio.o(i.HAL_GPIO_ReadPin)
    HAL_GPIO_WritePin                        0x08000c7b   Thumb Code    10  stm32f1xx_hal_gpio.o(i.HAL_GPIO_WritePin)
    HAL_GetTick                              0x08000c85   Thumb Code     6  stm32f1xx_hal.o(i.HAL_GetTick)
    HAL_IncTick                              0x08000c91   Thumb Code    10  stm32f1xx_hal.o(i.HAL_IncTick)
    HAL_Init                                 0x08000ca1   Thumb Code    32  stm32f1xx_hal.o(i.HAL_Init)
    HAL_InitTick                             0x08000cc5   Thumb Code    34  stm32f1xx_hal.o(i.HAL_InitTick)
    HAL_MspInit                              0x08000ced   Thumb Code   122  stm32f1xx_hal_msp.o(i.HAL_MspInit)
    HAL_NVIC_EnableIRQ                       0x08000d71   Thumb Code    22  stm32f1xx_hal_cortex.o(i.HAL_NVIC_EnableIRQ)
    HAL_NVIC_SetPriority                     0x08000d89   Thumb Code    60  stm32f1xx_hal_cortex.o(i.HAL_NVIC_SetPriority)
    HAL_NVIC_SetPriorityGrouping             0x08000dc9   Thumb Code    26  stm32f1xx_hal_cortex.o(i.HAL_NVIC_SetPriorityGrouping)
    HAL_PCDEx_PMAConfig                      0x08000ded   Thumb Code    52  stm32f1xx_hal_pcd_ex.o(i.HAL_PCDEx_PMAConfig)
    HAL_PCDEx_SetConnectionState             0x08000e21   Thumb Code     2  usbd_conf.o(i.HAL_PCDEx_SetConnectionState)
    HAL_PCD_DataInStageCallback              0x08000e23   Thumb Code    14  usbd_conf.o(i.HAL_PCD_DataInStageCallback)
    HAL_PCD_DataOutStageCallback             0x08000e31   Thumb Code    16  usbd_conf.o(i.HAL_PCD_DataOutStageCallback)
    HAL_PCD_EP_Close                         0x08000e41   Thumb Code    64  stm32f1xx_hal_pcd.o(i.HAL_PCD_EP_Close)
    HAL_PCD_EP_ClrStall                      0x08000e81   Thumb Code    72  stm32f1xx_hal_pcd.o(i.HAL_PCD_EP_ClrStall)
    HAL_PCD_EP_Open                          0x08000ec9   Thumb Code    68  stm32f1xx_hal_pcd.o(i.HAL_PCD_EP_Open)
    HAL_PCD_EP_Receive                       0x08000f0d   Thumb Code    46  stm32f1xx_hal_pcd.o(i.HAL_PCD_EP_Receive)
    HAL_PCD_EP_SetStall                      0x08000f3b   Thumb Code    86  stm32f1xx_hal_pcd.o(i.HAL_PCD_EP_SetStall)
    HAL_PCD_EP_Transmit                      0x08000f91   Thumb Code    42  stm32f1xx_hal_pcd.o(i.HAL_PCD_EP_Transmit)
    HAL_PCD_IRQHandler                       0x08000fbb   Thumb Code   268  stm32f1xx_hal_pcd.o(i.HAL_PCD_IRQHandler)
    HAL_PCD_Init                             0x080010c9   Thumb Code   192  stm32f1xx_hal_pcd.o(i.HAL_PCD_Init)
    HAL_PCD_MspInit                          0x08001189   Thumb Code    50  usbd_conf.o(i.HAL_PCD_MspInit)
    HAL_PCD_ResetCallback                    0x080011c5   Thumb Code    26  usbd_conf.o(i.HAL_PCD_ResetCallback)
    HAL_PCD_ResumeCallback                   0x080011df   Thumb Code     8  usbd_conf.o(i.HAL_PCD_ResumeCallback)
    HAL_PCD_SOFCallback                      0x080011e7   Thumb Code     8  usbd_conf.o(i.HAL_PCD_SOFCallback)
    HAL_PCD_SetAddress                       0x080011ef   Thumb Code    40  stm32f1xx_hal_pcd.o(i.HAL_PCD_SetAddress)
    HAL_PCD_SetupStageCallback               0x08001217   Thumb Code    14  usbd_conf.o(i.HAL_PCD_SetupStageCallback)
    HAL_PCD_Start                            0x08001225   Thumb Code    50  stm32f1xx_hal_pcd.o(i.HAL_PCD_Start)
    HAL_PCD_SuspendCallback                  0x08001259   Thumb Code    30  usbd_conf.o(i.HAL_PCD_SuspendCallback)
    HAL_RCCEx_PeriphCLKConfig                0x0800127d   Thumb Code   224  stm32f1xx_hal_rcc_ex.o(i.HAL_RCCEx_PeriphCLKConfig)
    HAL_RCC_ClockConfig                      0x08001369   Thumb Code   322  stm32f1xx_hal_rcc.o(i.HAL_RCC_ClockConfig)
    HAL_RCC_GetHCLKFreq                      0x080014bd   Thumb Code     6  stm32f1xx_hal_rcc.o(i.HAL_RCC_GetHCLKFreq)
    HAL_RCC_GetSysClockFreq                  0x080014c9   Thumb Code    74  stm32f1xx_hal_rcc.o(i.HAL_RCC_GetSysClockFreq)
    HAL_RCC_OscConfig                        0x08001535   Thumb Code   750  stm32f1xx_hal_rcc.o(i.HAL_RCC_OscConfig)
    HAL_SYSTICK_CLKSourceConfig              0x08001839   Thumb Code    24  stm32f1xx_hal_cortex.o(i.HAL_SYSTICK_CLKSourceConfig)
    HAL_SYSTICK_Callback                     0x08001851   Thumb Code     2  stm32f1xx_hal_cortex.o(i.HAL_SYSTICK_Callback)
    HAL_SYSTICK_Config                       0x08001853   Thumb Code    40  stm32f1xx_hal_cortex.o(i.HAL_SYSTICK_Config)
    HAL_SYSTICK_IRQHandler                   0x0800187b   Thumb Code     8  stm32f1xx_hal_cortex.o(i.HAL_SYSTICK_IRQHandler)
    HAL_TIMEx_BreakCallback                  0x08001883   Thumb Code     2  stm32f1xx_hal_tim_ex.o(i.HAL_TIMEx_BreakCallback)
    HAL_TIMEx_CommutationCallback            0x08001885   Thumb Code     2  stm32f1xx_hal_tim_ex.o(i.HAL_TIMEx_CommutationCallback)
    HAL_TIMEx_MasterConfigSynchronization    0x08001887   Thumb Code    80  stm32f1xx_hal_tim_ex.o(i.HAL_TIMEx_MasterConfigSynchronization)
    HAL_TIM_Base_Init                        0x080018d7   Thumb Code    54  stm32f1xx_hal_tim.o(i.HAL_TIM_Base_Init)
    HAL_TIM_Base_MspInit                     0x0800190d   Thumb Code    50  stm32f1xx_hal_msp.o(i.HAL_TIM_Base_MspInit)
    HAL_TIM_Base_Start_IT                    0x08001949   Thumb Code    24  stm32f1xx_hal_tim.o(i.HAL_TIM_Base_Start_IT)
    HAL_TIM_ConfigClockSource                0x08001961   Thumb Code   242  stm32f1xx_hal_tim.o(i.HAL_TIM_ConfigClockSource)
    HAL_TIM_IC_CaptureCallback               0x08001a53   Thumb Code     2  stm32f1xx_hal_tim.o(i.HAL_TIM_IC_CaptureCallback)
    HAL_TIM_IRQHandler                       0x08001a55   Thumb Code   358  stm32f1xx_hal_tim.o(i.HAL_TIM_IRQHandler)
    HAL_TIM_OC_DelayElapsedCallback          0x08001bbb   Thumb Code     2  stm32f1xx_hal_tim.o(i.HAL_TIM_OC_DelayElapsedCallback)
    HAL_TIM_PWM_PulseFinishedCallback        0x08001bbd   Thumb Code     2  stm32f1xx_hal_tim.o(i.HAL_TIM_PWM_PulseFinishedCallback)
    HAL_TIM_PeriodElapsedCallback            0x08001bc1   Thumb Code    14  main.o(i.HAL_TIM_PeriodElapsedCallback)
    HAL_TIM_TriggerCallback                  0x08001bd5   Thumb Code     2  stm32f1xx_hal_tim.o(i.HAL_TIM_TriggerCallback)
    HardFault_Handler                        0x08001bd7   Thumb Code     2  stm32f1xx_it.o(i.HardFault_Handler)
    MX_USB_DEVICE_Init                       0x08001dd5   Thumb Code    38  usb_device.o(i.MX_USB_DEVICE_Init)
    MemManage_Handler                        0x08001e0d   Thumb Code     2  stm32f1xx_it.o(i.MemManage_Handler)
    NMI_Handler                              0x08001e0f   Thumb Code     2  stm32f1xx_it.o(i.NMI_Handler)
    Sonar_Init                               0x08002195   Thumb Code    18  hc_sr04_lib.o(i.Sonar_Init)
    Sonar_Read                               0x080021ad   Thumb Code   174  hc_sr04_lib.o(i.Sonar_Read)
    SysTick_Handler                          0x08002265   Thumb Code    14  stm32f1xx_it.o(i.SysTick_Handler)
    SystemClock_Config                       0x08002273   Thumb Code   126  main.o(i.SystemClock_Config)
    SystemInit                               0x080022f1   Thumb Code    56  system_stm32f1xx.o(i.SystemInit)
    TIM3_IRQHandler                          0x08002339   Thumb Code     6  stm32f1xx_it.o(i.TIM3_IRQHandler)
    TIME_getMicros                           0x08002345   Thumb Code    22  time_lib.o(i.TIME_getMicros)
    TIME_init                                0x08002365   Thumb Code    44  time_lib.o(i.TIME_init)
    TIM_Base_SetConfig                       0x08002399   Thumb Code    94  stm32f1xx_hal_tim.o(i.TIM_Base_SetConfig)
    USBD_CUSTOM_HID_RegisterInterface        0x08002573   Thumb Code    16  usbd_customhid.o(i.USBD_CUSTOM_HID_RegisterInterface)
    USBD_CUSTOM_HID_SendReport               0x08002583   Thumb Code    36  usbd_customhid.o(i.USBD_CUSTOM_HID_SendReport)
    USBD_ClrClassConfig                      0x08002661   Thumb Code    14  usbd_core.o(i.USBD_ClrClassConfig)
    USBD_CtlContinueRx                       0x0800266f   Thumb Code    16  usbd_ioreq.o(i.USBD_CtlContinueRx)
    USBD_CtlContinueSendData                 0x0800267f   Thumb Code    16  usbd_ioreq.o(i.USBD_CtlContinueSendData)
    USBD_CtlError                            0x0800268f   Thumb Code    22  usbd_ctlreq.o(i.USBD_CtlError)
    USBD_CtlPrepareRx                        0x080026a5   Thumb Code    30  usbd_ioreq.o(i.USBD_CtlPrepareRx)
    USBD_CtlReceiveStatus                    0x080026c3   Thumb Code    22  usbd_ioreq.o(i.USBD_CtlReceiveStatus)
    USBD_CtlSendData                         0x080026d9   Thumb Code    26  usbd_ioreq.o(i.USBD_CtlSendData)
    USBD_CtlSendStatus                       0x080026f3   Thumb Code    22  usbd_ioreq.o(i.USBD_CtlSendStatus)
    USBD_FS_ConfigStrDescriptor              0x08002709   Thumb Code    16  usbd_desc.o(i.USBD_FS_ConfigStrDescriptor)
    USBD_FS_DeviceDescriptor                 0x08002731   Thumb Code     8  usbd_desc.o(i.USBD_FS_DeviceDescriptor)
    USBD_FS_InterfaceStrDescriptor           0x0800273d   Thumb Code    16  usbd_desc.o(i.USBD_FS_InterfaceStrDescriptor)
    USBD_FS_LangIDStrDescriptor              0x08002755   Thumb Code     8  usbd_desc.o(i.USBD_FS_LangIDStrDescriptor)
    USBD_FS_ManufacturerStrDescriptor        0x08002761   Thumb Code    16  usbd_desc.o(i.USBD_FS_ManufacturerStrDescriptor)
    USBD_FS_ProductStrDescriptor             0x08002781   Thumb Code    16  usbd_desc.o(i.USBD_FS_ProductStrDescriptor)
    USBD_FS_SerialStrDescriptor              0x080027a1   Thumb Code    16  usbd_desc.o(i.USBD_FS_SerialStrDescriptor)
    USBD_GetString                           0x080028b7   Thumb Code    70  usbd_ctlreq.o(i.USBD_GetString)
    USBD_Init                                0x080028fd   Thumb Code    42  usbd_core.o(i.USBD_Init)
    USBD_LL_ClearStallEP                     0x08002927   Thumb Code    14  usbd_conf.o(i.USBD_LL_ClearStallEP)
    USBD_LL_CloseEP                          0x08002935   Thumb Code    14  usbd_conf.o(i.USBD_LL_CloseEP)
    USBD_LL_DataInStage                      0x08002943   Thumb Code   170  usbd_core.o(i.USBD_LL_DataInStage)
    USBD_LL_DataOutStage                     0x080029ed   Thumb Code   106  usbd_core.o(i.USBD_LL_DataOutStage)
    USBD_LL_Init                             0x08002a59   Thumb Code   182  usbd_conf.o(i.USBD_LL_Init)
    USBD_LL_IsStallEP                        0x08002b19   Thumb Code    28  usbd_conf.o(i.USBD_LL_IsStallEP)
    USBD_LL_OpenEP                           0x08002b35   Thumb Code    20  usbd_conf.o(i.USBD_LL_OpenEP)
    USBD_LL_PrepareReceive                   0x08002b49   Thumb Code    14  usbd_conf.o(i.USBD_LL_PrepareReceive)
    USBD_LL_Reset                            0x08002b57   Thumb Code    62  usbd_core.o(i.USBD_LL_Reset)
    USBD_LL_Resume                           0x08002b95   Thumb Code    12  usbd_core.o(i.USBD_LL_Resume)
    USBD_LL_SOF                              0x08002ba1   Thumb Code    24  usbd_core.o(i.USBD_LL_SOF)
    USBD_LL_SetSpeed                         0x08002bb9   Thumb Code     6  usbd_core.o(i.USBD_LL_SetSpeed)
    USBD_LL_SetUSBAddress                    0x08002bbf   Thumb Code    14  usbd_conf.o(i.USBD_LL_SetUSBAddress)
    USBD_LL_SetupStage                       0x08002bcd   Thumb Code    90  usbd_core.o(i.USBD_LL_SetupStage)
    USBD_LL_StallEP                          0x08002c27   Thumb Code    14  usbd_conf.o(i.USBD_LL_StallEP)
    USBD_LL_Start                            0x08002c35   Thumb Code    14  usbd_conf.o(i.USBD_LL_Start)
    USBD_LL_Suspend                          0x08002c43   Thumb Code    18  usbd_core.o(i.USBD_LL_Suspend)
    USBD_LL_Transmit                         0x08002c55   Thumb Code    14  usbd_conf.o(i.USBD_LL_Transmit)
    USBD_ParseSetupRequest                   0x08002c63   Thumb Code    40  usbd_ctlreq.o(i.USBD_ParseSetupRequest)
    USBD_RegisterClass                       0x08002c8b   Thumb Code    16  usbd_core.o(i.USBD_RegisterClass)
    USBD_SetClassConfig                      0x08002c9b   Thumb Code    22  usbd_core.o(i.USBD_SetClassConfig)
    USBD_Start                               0x08002d25   Thumb Code    10  usbd_core.o(i.USBD_Start)
    USBD_StdDevReq                           0x08002d2f   Thumb Code   242  usbd_ctlreq.o(i.USBD_StdDevReq)
    USBD_StdEPReq                            0x08002e21   Thumb Code   220  usbd_ctlreq.o(i.USBD_StdEPReq)
    USBD_StdItfReq                           0x08002efd   Thumb Code    52  usbd_ctlreq.o(i.USBD_StdItfReq)
    USBD_static_free                         0x08002f31   Thumb Code     2  usbd_conf.o(i.USBD_static_free)
    USBD_static_malloc                       0x08002f35   Thumb Code     4  usbd_conf.o(i.USBD_static_malloc)
    USB_ActivateEndpoint                     0x08002f3d   Thumb Code   604  stm32f1xx_ll_usb.o(i.USB_ActivateEndpoint)
    USB_CoreInit                             0x08003199   Thumb Code     4  stm32f1xx_ll_usb.o(i.USB_CoreInit)
    USB_DeactivateEndpoint                   0x0800319d   Thumb Code   292  stm32f1xx_ll_usb.o(i.USB_DeactivateEndpoint)
    USB_DevConnect                           0x080032c1   Thumb Code     4  stm32f1xx_ll_usb.o(i.USB_DevConnect)
    USB_DevDisconnect                        0x080032c5   Thumb Code     4  stm32f1xx_ll_usb.o(i.USB_DevDisconnect)
    USB_DevInit                              0x080032c9   Thumb Code    30  stm32f1xx_ll_usb.o(i.USB_DevInit)
    USB_DisableGlobalInt                     0x080032e7   Thumb Code    14  stm32f1xx_ll_usb.o(i.USB_DisableGlobalInt)
    USB_EP0_OutStart                         0x080032f5   Thumb Code     4  stm32f1xx_ll_usb.o(i.USB_EP0_OutStart)
    USB_EPClearStall                         0x080032f9   Thumb Code   106  stm32f1xx_ll_usb.o(i.USB_EPClearStall)
    USB_EPSetStall                           0x08003363   Thumb Code    74  stm32f1xx_ll_usb.o(i.USB_EPSetStall)
    USB_EPStartXfer                          0x080033ad   Thumb Code   426  stm32f1xx_ll_usb.o(i.USB_EPStartXfer)
    USB_EnableGlobalInt                      0x08003557   Thumb Code    14  stm32f1xx_ll_usb.o(i.USB_EnableGlobalInt)
    USB_LP_CAN1_RX0_IRQHandler               0x08003565   Thumb Code     6  stm32f1xx_it.o(i.USB_LP_CAN1_RX0_IRQHandler)
    USB_ReadInterrupts                       0x08003571   Thumb Code     6  stm32f1xx_ll_usb.o(i.USB_ReadInterrupts)
    USB_ReadPMA                              0x08003579   Thumb Code    30  stm32f1xx_ll_usb.o(i.USB_ReadPMA)
    USB_SetCurrentMode                       0x08003597   Thumb Code     4  stm32f1xx_ll_usb.o(i.USB_SetCurrentMode)
    USB_SetDevAddress                        0x0800359b   Thumb Code    12  stm32f1xx_ll_usb.o(i.USB_SetDevAddress)
    USB_WritePMA                             0x080035a7   Thumb Code    38  stm32f1xx_ll_usb.o(i.USB_WritePMA)
    UsageFault_Handler                       0x080035cd   Thumb Code     2  stm32f1xx_it.o(i.UsageFault_Handler)
    XINPUT_buttonArrayUpdate                 0x080035d1   Thumb Code   222  xinput.o(i.XINPUT_buttonArrayUpdate)
    XINPUT_dpadUpdate                        0x080036b5   Thumb Code    64  xinput.o(i.XINPUT_dpadUpdate)
    XINPUT_stickUpdate                       0x080036f9   Thumb Code    44  xinput.o(i.XINPUT_stickUpdate)
    XINPUT_triggerUpdate                     0x08003729   Thumb Code     8  xinput.o(i.XINPUT_triggerUpdate)
    _Error_Handler                           0x08003735   Thumb Code     2  main.o(i._Error_Handler)
    __scatterload_copy                       0x08003737   Thumb Code    14  handlers.o(i.__scatterload_copy)
    __scatterload_null                       0x08003745   Thumb Code     2  handlers.o(i.__scatterload_null)
    __scatterload_zeroinit                   0x08003747   Thumb Code    14  handlers.o(i.__scatterload_zeroinit)
    add_millis                               0x08003755   Thumb Code    10  time_lib.o(i.add_millis)
    declareAnalogPins                        0x08003765   Thumb Code    62  stm32_xinput.o(i.declareAnalogPins)
    declareButtonPins                        0x080037ad   Thumb Code   164  stm32_xinput.o(i.declareButtonPins)
    declareEncoderPins                       0x0800385d   Thumb Code    18  stm32_xinput.o(i.declareEncoderPins)
    main                                     0x08003875   Thumb Code   194  main.o(i.main)
    map                                      0x0800394d   Thumb Code    34  stm32_xinput.o(i.map)
    readAdcValues                            0x08003971   Thumb Code   140  stm32_xinput.o(i.readAdcValues)
    readButtons                              0x08003a01   Thumb Code   146  stm32_xinput.o(i.readButtons)
    updateSticks                             0x08003a99   Thumb Code    58  stm32_xinput.o(i.updateSticks)
    updateTriggers                           0x08003ad9   Thumb Code    10  stm32_xinput.o(i.updateTriggers)
    AHBPrescTable                            0x08003b9b   Data          16  system_stm32f1xx.o(.constdata)
    Region$$Table$$Base                      0x08003bac   Number         0  anon$$obj.o(Region$$Table)
    Region$$Table$$Limit                     0x08003bcc   Number         0  anon$$obj.o(Region$$Table)
    USBD_CustomHID_fops_FS                   0x20000004   Data          16  usbd_custom_hid_if.o(.data)
    hUsbDevice_0                             0x20000014   Data           4  usbd_custom_hid_if.o(.data)
    FS_Desc                                  0x20000018   Data          28  usbd_desc.o(.data)
    USBD_LangIDDesc                          0x20000034   Data           4  usbd_desc.o(.data)
    USBD_FS_DeviceDesc                       0x20000038   Data          18  usbd_desc.o(.data)
    USB_RX_Buffer                            0x2000004a   Data           8  main.o(.data)
    currentPlayer                            0x20000054   Data           1  xinput.o(.data)
    _modeLED                                 0x20000055   Data           1  xinput.o(.data)
    _LEDtracker                              0x20000056   Data           1  xinput.o(.data)
    _pinLED                                  0x20000058   Data           8  xinput.o(.data)
    TXData                                   0x20000060   Data          20  xinput.o(.data)
    patternBlinkRotate                       0x20000074   Data          10  xinput.o(.data)
    patternPlayer1                           0x2000007e   Data          10  xinput.o(.data)
    patternPlayer2                           0x20000088   Data          10  xinput.o(.data)
    patternPlayer3                           0x20000092   Data          10  xinput.o(.data)
    patternPlayer4                           0x2000009c   Data          10  xinput.o(.data)
    adcValueReady                            0x200000a6   Data           1  stm32_xinput.o(.data)
    leftTriggerValue_ADC                     0x200000a8   Data           2  stm32_xinput.o(.data)
    rightTriggerValue_ADC                    0x200000aa   Data           2  stm32_xinput.o(.data)
    xLeftStickValue_ADC                      0x200000ac   Data           2  stm32_xinput.o(.data)
    yLeftStickValue_ADC                      0x200000ae   Data           2  stm32_xinput.o(.data)
    xRightStickValue_ADC                     0x200000b0   Data           2  stm32_xinput.o(.data)
    yRightStickValue_ADC                     0x200000b2   Data           2  stm32_xinput.o(.data)
    leftTriggerValue                         0x200000b4   Data           2  stm32_xinput.o(.data)
    rightTriggerValue                        0x200000b6   Data           2  stm32_xinput.o(.data)
    xLeftStickValue                          0x200000b8   Data           2  stm32_xinput.o(.data)
    yLeftStickValue                          0x200000ba   Data           2  stm32_xinput.o(.data)
    xRightStickValue                         0x200000bc   Data           2  stm32_xinput.o(.data)
    yRightStickValue                         0x200000be   Data           2  stm32_xinput.o(.data)
    _triggerPin                              0x200000c8   Data           8  hc_sr04_lib.o(.data)
    _echoPin                                 0x200000d0   Data           8  hc_sr04_lib.o(.data)
    uwTick                                   0x200000d8   Data           4  stm32f1xx_hal.o(.data)
    SystemCoreClock                          0x200000dc   Data           4  system_stm32f1xx.o(.data)
    USBD_CUSTOM_HID                          0x200000e0   Data          60  usbd_customhid.o(.data)
    hpcd_USB_FS                              0x200001ec   Data        1120  usbd_conf.o(.bss)
    USBD_StrDesc                             0x2000064c   Data         512  usbd_desc.o(.bss)
    hUsbDeviceFS                             0x2000084c   Data         548  usb_device.o(.bss)
    hadc1                                    0x20000a70   Data          48  main.o(.bss)
    hdma_adc1                                0x20000aa0   Data          68  main.o(.bss)
    htim3                                    0x20000ae4   Data          64  main.o(.bss)
    ADC_buffer                               0x20000b24   Data          24  main.o(.bss)
    digitalArray                             0x20000b3c   Data         120  stm32_xinput.o(.bss)
    analogArray                              0x20000bb4   Data          56  stm32_xinput.o(.bss)
    encoderPins                              0x20000bec   Data          16  stm32_xinput.o(.bss)
    _htim                                    0x20000bfc   Data          64  time_lib.o(.bss)
    __initial_sp                             0x20001440   Data           0  startup_stm32f103xb.o(STACK)



==============================================================================

Memory Map of the image

  Image Entry point : 0x080000ed

  Load Region LR_IROM1 (Base: 0x08000000, Size: 0x00003d9c, Max: 0x00010000, ABSOLUTE, COMPRESSED[0x00003cc4])

    Execution Region ER_IROM1 (Exec base: 0x08000000, Load base: 0x08000000, Size: 0x00003bcc, Max: 0x00010000, ABSOLUTE)

    Exec Addr    Load Addr    Size         Type   Attr      Idx    E Section Name        Object

    0x08000000   0x08000000   0x000000ec   Data   RO          991    RESET               startup_stm32f103xb.o
    0x080000ec   0x080000ec   0x00000000   Code   RO         3858  * .ARM.Collect$$$$00000000  mc_w.l(entry.o)
    0x080000ec   0x080000ec   0x00000004   Code   RO         3867    .ARM.Collect$$$$00000001  mc_w.l(entry2.o)
    0x080000f0   0x080000f0   0x00000004   Code   RO         3870    .ARM.Collect$$$$00000004  mc_w.l(entry5.o)
    0x080000f4   0x080000f4   0x00000000   Code   RO         3872    .ARM.Collect$$$$00000008  mc_w.l(entry7b.o)
    0x080000f4   0x080000f4   0x00000000   Code   RO         3874    .ARM.Collect$$$$0000000A  mc_w.l(entry8b.o)
    0x080000f4   0x080000f4   0x00000008   Code   RO         3875    .ARM.Collect$$$$0000000B  mc_w.l(entry9a.o)
    0x080000fc   0x080000fc   0x00000000   Code   RO         3877    .ARM.Collect$$$$0000000D  mc_w.l(entry10a.o)
    0x080000fc   0x080000fc   0x00000000   Code   RO         3879    .ARM.Collect$$$$0000000F  mc_w.l(entry11a.o)
    0x080000fc   0x080000fc   0x00000004   Code   RO         3868    .ARM.Collect$$$$00002712  mc_w.l(entry2.o)
    0x08000100   0x08000100   0x00000024   Code   RO          992    .text               startup_stm32f103xb.o
    0x08000124   0x08000124   0x00000024   Code   RO         3863    .text               mc_w.l(memcpya.o)
    0x08000148   0x08000148   0x00000024   Code   RO         3881    .text               mc_w.l(init.o)
    0x0800016c   0x0800016c   0x00000056   Code   RO         3891    .text               mc_w.l(__dczerorl2.o)
    0x080001c2   0x080001c2   0x00000002   PAD
    0x080001c4   0x080001c4   0x0000004c   Code   RO         1969    i.ADC_ConversionStop_Disable  stm32f1xx_hal_adc.o
    0x08000210   0x08000210   0x0000004e   Code   RO         1970    i.ADC_DMAConvCplt   stm32f1xx_hal_adc.o
    0x0800025e   0x0800025e   0x0000001a   Code   RO         1971    i.ADC_DMAError      stm32f1xx_hal_adc.o
    0x08000278   0x08000278   0x0000000a   Code   RO         1972    i.ADC_DMAHalfConvCplt  stm32f1xx_hal_adc.o
    0x08000282   0x08000282   0x00000002   PAD
    0x08000284   0x08000284   0x00000070   Code   RO         1973    i.ADC_Enable        stm32f1xx_hal_adc.o
    0x080002f4   0x080002f4   0x00000002   Code   RO          533    i.BusFault_Handler  stm32f1xx_it.o
    0x080002f6   0x080002f6   0x00000004   Code   RO          336    i.CUSTOM_HID_DeInit_FS  usbd_custom_hid_if.o
    0x080002fa   0x080002fa   0x00000002   PAD
    0x080002fc   0x080002fc   0x00000014   Code   RO          337    i.CUSTOM_HID_Init_FS  usbd_custom_hid_if.o
    0x08000310   0x08000310   0x00000024   Code   RO          338    i.CUSTOM_HID_OutEvent_FS  usbd_custom_hid_if.o
    0x08000334   0x08000334   0x0000000c   Code   RO          534    i.DMA1_Channel1_IRQHandler  stm32f1xx_it.o
    0x08000340   0x08000340   0x0000002a   Code   RO         2968    i.DMA_SetConfig     stm32f1xx_hal_dma.o
    0x0800036a   0x0800036a   0x00000002   Code   RO          535    i.DebugMon_Handler  stm32f1xx_it.o
    0x0800036c   0x0800036c   0x00000008   Code   RO          536    i.EXTI9_5_IRQHandler  stm32f1xx_it.o
    0x08000374   0x08000374   0x000000fc   Code   RO         1975    i.HAL_ADC_ConfigChannel  stm32f1xx_hal_adc.o
    0x08000470   0x08000470   0x00000054   Code   RO          621    i.HAL_ADC_ConvCpltCallback  main.o
    0x080004c4   0x080004c4   0x00000002   Code   RO         1977    i.HAL_ADC_ConvHalfCpltCallback  stm32f1xx_hal_adc.o
    0x080004c6   0x080004c6   0x00000002   Code   RO         1979    i.HAL_ADC_ErrorCallback  stm32f1xx_hal_adc.o
    0x080004c8   0x080004c8   0x0000011c   Code   RO         1984    i.HAL_ADC_Init      stm32f1xx_hal_adc.o
    0x080005e4   0x080005e4   0x00000098   Code   RO          379    i.HAL_ADC_MspInit   stm32f1xx_hal_msp.o
    0x0800067c   0x0800067c   0x0000010c   Code   RO         1991    i.HAL_ADC_Start_DMA  stm32f1xx_hal_adc.o
    0x08000788   0x08000788   0x000000cc   Code   RO         1992    i.HAL_ADC_Start_IT  stm32f1xx_hal_adc.o
    0x08000854   0x08000854   0x00000154   Code   RO         2974    i.HAL_DMA_IRQHandler  stm32f1xx_hal_dma.o
    0x080009a8   0x080009a8   0x00000064   Code   RO         2975    i.HAL_DMA_Init      stm32f1xx_hal_dma.o
    0x08000a0c   0x08000a0c   0x00000070   Code   RO         2979    i.HAL_DMA_Start_IT  stm32f1xx_hal_dma.o
    0x08000a7c   0x08000a7c   0x0000001c   Code   RO         3312    i.HAL_Delay         stm32f1xx_hal.o
    0x08000a98   0x08000a98   0x00000002   Code   RO         1623    i.HAL_GPIO_EXTI_Callback  stm32f1xx_hal_gpio.o
    0x08000a9a   0x08000a9a   0x00000002   PAD
    0x08000a9c   0x08000a9c   0x00000018   Code   RO         1624    i.HAL_GPIO_EXTI_IRQHandler  stm32f1xx_hal_gpio.o
    0x08000ab4   0x08000ab4   0x000001bc   Code   RO         1625    i.HAL_GPIO_Init     stm32f1xx_hal_gpio.o
    0x08000c70   0x08000c70   0x0000000a   Code   RO         1627    i.HAL_GPIO_ReadPin  stm32f1xx_hal_gpio.o
    0x08000c7a   0x08000c7a   0x0000000a   Code   RO         1629    i.HAL_GPIO_WritePin  stm32f1xx_hal_gpio.o
    0x08000c84   0x08000c84   0x0000000c   Code   RO         3316    i.HAL_GetTick       stm32f1xx_hal.o
    0x08000c90   0x08000c90   0x00000010   Code   RO         3318    i.HAL_IncTick       stm32f1xx_hal.o
    0x08000ca0   0x08000ca0   0x00000024   Code   RO         3319    i.HAL_Init          stm32f1xx_hal.o
    0x08000cc4   0x08000cc4   0x00000028   Code   RO         3320    i.HAL_InitTick      stm32f1xx_hal.o
    0x08000cec   0x08000cec   0x00000084   Code   RO          380    i.HAL_MspInit       stm32f1xx_hal_msp.o
    0x08000d70   0x08000d70   0x00000016   Code   RO         3065    i.HAL_NVIC_EnableIRQ  stm32f1xx_hal_cortex.o
    0x08000d86   0x08000d86   0x00000002   PAD
    0x08000d88   0x08000d88   0x00000040   Code   RO         3071    i.HAL_NVIC_SetPriority  stm32f1xx_hal_cortex.o
    0x08000dc8   0x08000dc8   0x00000024   Code   RO         3072    i.HAL_NVIC_SetPriorityGrouping  stm32f1xx_hal_cortex.o
    0x08000dec   0x08000dec   0x00000034   Code   RO         1688    i.HAL_PCDEx_PMAConfig  stm32f1xx_hal_pcd_ex.o
    0x08000e20   0x08000e20   0x00000002   Code   RO            4    i.HAL_PCDEx_SetConnectionState  usbd_conf.o
    0x08000e22   0x08000e22   0x0000000e   Code   RO            6    i.HAL_PCD_DataInStageCallback  usbd_conf.o
    0x08000e30   0x08000e30   0x00000010   Code   RO            7    i.HAL_PCD_DataOutStageCallback  usbd_conf.o
    0x08000e40   0x08000e40   0x00000040   Code   RO         1727    i.HAL_PCD_EP_Close  stm32f1xx_hal_pcd.o
    0x08000e80   0x08000e80   0x00000048   Code   RO         1728    i.HAL_PCD_EP_ClrStall  stm32f1xx_hal_pcd.o
    0x08000ec8   0x08000ec8   0x00000044   Code   RO         1731    i.HAL_PCD_EP_Open   stm32f1xx_hal_pcd.o
    0x08000f0c   0x08000f0c   0x0000002e   Code   RO         1732    i.HAL_PCD_EP_Receive  stm32f1xx_hal_pcd.o
    0x08000f3a   0x08000f3a   0x00000056   Code   RO         1733    i.HAL_PCD_EP_SetStall  stm32f1xx_hal_pcd.o
    0x08000f90   0x08000f90   0x0000002a   Code   RO         1734    i.HAL_PCD_EP_Transmit  stm32f1xx_hal_pcd.o
    0x08000fba   0x08000fba   0x0000010c   Code   RO         1736    i.HAL_PCD_IRQHandler  stm32f1xx_hal_pcd.o
    0x080010c6   0x080010c6   0x00000002   PAD
    0x080010c8   0x080010c8   0x000000c0   Code   RO         1739    i.HAL_PCD_Init      stm32f1xx_hal_pcd.o
    0x08001188   0x08001188   0x0000003c   Code   RO           12    i.HAL_PCD_MspInit   usbd_conf.o
    0x080011c4   0x080011c4   0x0000001a   Code   RO           13    i.HAL_PCD_ResetCallback  usbd_conf.o
    0x080011de   0x080011de   0x00000008   Code   RO           14    i.HAL_PCD_ResumeCallback  usbd_conf.o
    0x080011e6   0x080011e6   0x00000008   Code   RO           15    i.HAL_PCD_SOFCallback  usbd_conf.o
    0x080011ee   0x080011ee   0x00000028   Code   RO         1745    i.HAL_PCD_SetAddress  stm32f1xx_hal_pcd.o
    0x08001216   0x08001216   0x0000000e   Code   RO           16    i.HAL_PCD_SetupStageCallback  usbd_conf.o
    0x08001224   0x08001224   0x00000032   Code   RO         1747    i.HAL_PCD_Start     stm32f1xx_hal_pcd.o
    0x08001256   0x08001256   0x00000002   PAD
    0x08001258   0x08001258   0x00000024   Code   RO           17    i.HAL_PCD_SuspendCallback  usbd_conf.o
    0x0800127c   0x0800127c   0x000000ec   Code   RO         1935    i.HAL_RCCEx_PeriphCLKConfig  stm32f1xx_hal_rcc_ex.o
    0x08001368   0x08001368   0x00000154   Code   RO         1521    i.HAL_RCC_ClockConfig  stm32f1xx_hal_rcc.o
    0x080014bc   0x080014bc   0x0000000c   Code   RO         1526    i.HAL_RCC_GetHCLKFreq  stm32f1xx_hal_rcc.o
    0x080014c8   0x080014c8   0x0000006c   Code   RO         1530    i.HAL_RCC_GetSysClockFreq  stm32f1xx_hal_rcc.o
    0x08001534   0x08001534   0x00000304   Code   RO         1533    i.HAL_RCC_OscConfig  stm32f1xx_hal_rcc.o
    0x08001838   0x08001838   0x00000018   Code   RO         3074    i.HAL_SYSTICK_CLKSourceConfig  stm32f1xx_hal_cortex.o
    0x08001850   0x08001850   0x00000002   Code   RO         3075    i.HAL_SYSTICK_Callback  stm32f1xx_hal_cortex.o
    0x08001852   0x08001852   0x00000028   Code   RO         3076    i.HAL_SYSTICK_Config  stm32f1xx_hal_cortex.o
    0x0800187a   0x0800187a   0x00000008   Code   RO         3077    i.HAL_SYSTICK_IRQHandler  stm32f1xx_hal_cortex.o
    0x08001882   0x08001882   0x00000002   Code   RO          999    i.HAL_TIMEx_BreakCallback  stm32f1xx_hal_tim_ex.o
    0x08001884   0x08001884   0x00000002   Code   RO         1000    i.HAL_TIMEx_CommutationCallback  stm32f1xx_hal_tim_ex.o
    0x08001886   0x08001886   0x00000050   Code   RO         1016    i.HAL_TIMEx_MasterConfigSynchronization  stm32f1xx_hal_tim_ex.o
    0x080018d6   0x080018d6   0x00000036   Code   RO         2236    i.HAL_TIM_Base_Init  stm32f1xx_hal_tim.o
    0x0800190c   0x0800190c   0x0000003c   Code   RO          382    i.HAL_TIM_Base_MspInit  stm32f1xx_hal_msp.o
    0x08001948   0x08001948   0x00000018   Code   RO         2241    i.HAL_TIM_Base_Start_IT  stm32f1xx_hal_tim.o
    0x08001960   0x08001960   0x000000f2   Code   RO         2245    i.HAL_TIM_ConfigClockSource  stm32f1xx_hal_tim.o
    0x08001a52   0x08001a52   0x00000002   Code   RO         2265    i.HAL_TIM_IC_CaptureCallback  stm32f1xx_hal_tim.o
    0x08001a54   0x08001a54   0x00000166   Code   RO         2278    i.HAL_TIM_IRQHandler  stm32f1xx_hal_tim.o
    0x08001bba   0x08001bba   0x00000002   Code   RO         2281    i.HAL_TIM_OC_DelayElapsedCallback  stm32f1xx_hal_tim.o
    0x08001bbc   0x08001bbc   0x00000002   Code   RO         2308    i.HAL_TIM_PWM_PulseFinishedCallback  stm32f1xx_hal_tim.o
    0x08001bbe   0x08001bbe   0x00000002   PAD
    0x08001bc0   0x08001bc0   0x00000014   Code   RO          622    i.HAL_TIM_PeriodElapsedCallback  main.o
    0x08001bd4   0x08001bd4   0x00000002   Code   RO         2319    i.HAL_TIM_TriggerCallback  stm32f1xx_hal_tim.o
    0x08001bd6   0x08001bd6   0x00000002   Code   RO          537    i.HardFault_Handler  stm32f1xx_it.o
    0x08001bd8   0x08001bd8   0x000000a0   Code   RO          623    i.MX_ADC1_Init      main.o
    0x08001c78   0x08001c78   0x00000108   Code   RO          624    i.MX_GPIO_Init      main.o
    0x08001d80   0x08001d80   0x00000054   Code   RO          625    i.MX_TIM3_Init      main.o
    0x08001dd4   0x08001dd4   0x00000038   Code   RO          499    i.MX_USB_DEVICE_Init  usb_device.o
    0x08001e0c   0x08001e0c   0x00000002   Code   RO          538    i.MemManage_Handler  stm32f1xx_it.o
    0x08001e0e   0x08001e0e   0x00000002   Code   RO          539    i.NMI_Handler       stm32f1xx_it.o
    0x08001e10   0x08001e10   0x00000020   Code   RO         3078    i.NVIC_SetPriority  stm32f1xx_hal_cortex.o
    0x08001e30   0x08001e30   0x00000362   Code   RO         1750    i.PCD_EP_ISR_Handler  stm32f1xx_hal_pcd.o
    0x08002192   0x08002192   0x00000002   PAD
    0x08002194   0x08002194   0x00000018   Code   RO          953    i.Sonar_Init        hc_sr04_lib.o
    0x080021ac   0x080021ac   0x000000b8   Code   RO          954    i.Sonar_Read        hc_sr04_lib.o
    0x08002264   0x08002264   0x0000000e   Code   RO          540    i.SysTick_Handler   stm32f1xx_it.o
    0x08002272   0x08002272   0x0000007e   Code   RO          626    i.SystemClock_Config  main.o
    0x080022f0   0x080022f0   0x00000048   Code   RO         3483    i.SystemInit        system_stm32f1xx.o
    0x08002338   0x08002338   0x0000000c   Code   RO          541    i.TIM3_IRQHandler   stm32f1xx_it.o
    0x08002344   0x08002344   0x00000020   Code   RO          907    i.TIME_getMicros    time_lib.o
    0x08002364   0x08002364   0x00000034   Code   RO          909    i.TIME_init         time_lib.o
    0x08002398   0x08002398   0x0000006c   Code   RO         2320    i.TIM_Base_SetConfig  stm32f1xx_hal_tim.o
    0x08002404   0x08002404   0x00000014   Code   RO         2327    i.TIM_ETR_SetConfig  stm32f1xx_hal_tim.o
    0x08002418   0x08002418   0x00000010   Code   RO         2328    i.TIM_ITRx_SetConfig  stm32f1xx_hal_tim.o
    0x08002428   0x08002428   0x00000022   Code   RO         2334    i.TIM_TI1_ConfigInputStage  stm32f1xx_hal_tim.o
    0x0800244a   0x0800244a   0x00000024   Code   RO         2336    i.TIM_TI2_ConfigInputStage  stm32f1xx_hal_tim.o
    0x0800246e   0x0800246e   0x0000000c   Code   RO         3520    i.USBD_CUSTOM_HID_DataIn  usbd_customhid.o
    0x0800247a   0x0800247a   0x00000002   PAD
    0x0800247c   0x0800247c   0x0000001c   Code   RO         3521    i.USBD_CUSTOM_HID_DataOut  usbd_customhid.o
    0x08002498   0x08002498   0x00000032   Code   RO         3522    i.USBD_CUSTOM_HID_DeInit  usbd_customhid.o
    0x080024ca   0x080024ca   0x00000022   Code   RO         3523    i.USBD_CUSTOM_HID_EP0_RxReady  usbd_customhid.o
    0x080024ec   0x080024ec   0x0000000c   Code   RO         3524    i.USBD_CUSTOM_HID_GetCfgDesc  usbd_customhid.o
    0x080024f8   0x080024f8   0x0000000c   Code   RO         3525    i.USBD_CUSTOM_HID_GetDeviceQualifierDesc  usbd_customhid.o
    0x08002504   0x08002504   0x0000006e   Code   RO         3526    i.USBD_CUSTOM_HID_Init  usbd_customhid.o
    0x08002572   0x08002572   0x00000010   Code   RO         3527    i.USBD_CUSTOM_HID_RegisterInterface  usbd_customhid.o
    0x08002582   0x08002582   0x00000024   Code   RO         3528    i.USBD_CUSTOM_HID_SendReport  usbd_customhid.o
    0x080025a6   0x080025a6   0x00000002   PAD
    0x080025a8   0x080025a8   0x000000b8   Code   RO         3529    i.USBD_CUSTOM_HID_Setup  usbd_customhid.o
    0x08002660   0x08002660   0x0000000e   Code   RO         3663    i.USBD_ClrClassConfig  usbd_core.o
    0x0800266e   0x0800266e   0x00000010   Code   RO         3801    i.USBD_CtlContinueRx  usbd_ioreq.o
    0x0800267e   0x0800267e   0x00000010   Code   RO         3802    i.USBD_CtlContinueSendData  usbd_ioreq.o
    0x0800268e   0x0800268e   0x00000016   Code   RO         3598    i.USBD_CtlError     usbd_ctlreq.o
    0x080026a4   0x080026a4   0x0000001e   Code   RO         3803    i.USBD_CtlPrepareRx  usbd_ioreq.o
    0x080026c2   0x080026c2   0x00000016   Code   RO         3804    i.USBD_CtlReceiveStatus  usbd_ioreq.o
    0x080026d8   0x080026d8   0x0000001a   Code   RO         3805    i.USBD_CtlSendData  usbd_ioreq.o
    0x080026f2   0x080026f2   0x00000016   Code   RO         3806    i.USBD_CtlSendStatus  usbd_ioreq.o
    0x08002708   0x08002708   0x00000028   Code   RO          427    i.USBD_FS_ConfigStrDescriptor  usbd_desc.o
    0x08002730   0x08002730   0x0000000c   Code   RO          428    i.USBD_FS_DeviceDescriptor  usbd_desc.o
    0x0800273c   0x0800273c   0x00000018   Code   RO          429    i.USBD_FS_InterfaceStrDescriptor  usbd_desc.o
    0x08002754   0x08002754   0x0000000c   Code   RO          430    i.USBD_FS_LangIDStrDescriptor  usbd_desc.o
    0x08002760   0x08002760   0x00000020   Code   RO          431    i.USBD_FS_ManufacturerStrDescriptor  usbd_desc.o
    0x08002780   0x08002780   0x00000020   Code   RO          432    i.USBD_FS_ProductStrDescriptor  usbd_desc.o
    0x080027a0   0x080027a0   0x00000024   Code   RO          433    i.USBD_FS_SerialStrDescriptor  usbd_desc.o
    0x080027c4   0x080027c4   0x000000f2   Code   RO         3599    i.USBD_GetDescriptor  usbd_ctlreq.o
    0x080028b6   0x080028b6   0x00000046   Code   RO         3600    i.USBD_GetString    usbd_ctlreq.o
    0x080028fc   0x080028fc   0x0000002a   Code   RO         3665    i.USBD_Init         usbd_core.o
    0x08002926   0x08002926   0x0000000e   Code   RO           18    i.USBD_LL_ClearStallEP  usbd_conf.o
    0x08002934   0x08002934   0x0000000e   Code   RO           19    i.USBD_LL_CloseEP   usbd_conf.o
    0x08002942   0x08002942   0x000000aa   Code   RO         3666    i.USBD_LL_DataInStage  usbd_core.o
    0x080029ec   0x080029ec   0x0000006a   Code   RO         3667    i.USBD_LL_DataOutStage  usbd_core.o
    0x08002a56   0x08002a56   0x00000002   PAD
    0x08002a58   0x08002a58   0x000000c0   Code   RO           24    i.USBD_LL_Init      usbd_conf.o
    0x08002b18   0x08002b18   0x0000001c   Code   RO           25    i.USBD_LL_IsStallEP  usbd_conf.o
    0x08002b34   0x08002b34   0x00000014   Code   RO           26    i.USBD_LL_OpenEP    usbd_conf.o
    0x08002b48   0x08002b48   0x0000000e   Code   RO           27    i.USBD_LL_PrepareReceive  usbd_conf.o
    0x08002b56   0x08002b56   0x0000003e   Code   RO         3672    i.USBD_LL_Reset     usbd_core.o
    0x08002b94   0x08002b94   0x0000000c   Code   RO         3673    i.USBD_LL_Resume    usbd_core.o
    0x08002ba0   0x08002ba0   0x00000018   Code   RO         3674    i.USBD_LL_SOF       usbd_core.o
    0x08002bb8   0x08002bb8   0x00000006   Code   RO         3675    i.USBD_LL_SetSpeed  usbd_core.o
    0x08002bbe   0x08002bbe   0x0000000e   Code   RO           28    i.USBD_LL_SetUSBAddress  usbd_conf.o
    0x08002bcc   0x08002bcc   0x0000005a   Code   RO         3676    i.USBD_LL_SetupStage  usbd_core.o
    0x08002c26   0x08002c26   0x0000000e   Code   RO           29    i.USBD_LL_StallEP   usbd_conf.o
    0x08002c34   0x08002c34   0x0000000e   Code   RO           30    i.USBD_LL_Start     usbd_conf.o
    0x08002c42   0x08002c42   0x00000012   Code   RO         3677    i.USBD_LL_Suspend   usbd_core.o
    0x08002c54   0x08002c54   0x0000000e   Code   RO           32    i.USBD_LL_Transmit  usbd_conf.o
    0x08002c62   0x08002c62   0x00000028   Code   RO         3601    i.USBD_ParseSetupRequest  usbd_ctlreq.o
    0x08002c8a   0x08002c8a   0x00000010   Code   RO         3678    i.USBD_RegisterClass  usbd_core.o
    0x08002c9a   0x08002c9a   0x00000016   Code   RO         3680    i.USBD_SetClassConfig  usbd_core.o
    0x08002cb0   0x08002cb0   0x00000074   Code   RO         3602    i.USBD_SetConfig    usbd_ctlreq.o
    0x08002d24   0x08002d24   0x0000000a   Code   RO         3681    i.USBD_Start        usbd_core.o
    0x08002d2e   0x08002d2e   0x000000f2   Code   RO         3603    i.USBD_StdDevReq    usbd_ctlreq.o
    0x08002e20   0x08002e20   0x000000dc   Code   RO         3604    i.USBD_StdEPReq     usbd_ctlreq.o
    0x08002efc   0x08002efc   0x00000034   Code   RO         3605    i.USBD_StdItfReq    usbd_ctlreq.o
    0x08002f30   0x08002f30   0x00000002   Code   RO           33    i.USBD_static_free  usbd_conf.o
    0x08002f32   0x08002f32   0x00000002   PAD
    0x08002f34   0x08002f34   0x00000008   Code   RO           34    i.USBD_static_malloc  usbd_conf.o
    0x08002f3c   0x08002f3c   0x0000025c   Code   RO         1232    i.USB_ActivateEndpoint  stm32f1xx_ll_usb.o
    0x08003198   0x08003198   0x00000004   Code   RO         1235    i.USB_CoreInit      stm32f1xx_ll_usb.o
    0x0800319c   0x0800319c   0x00000124   Code   RO         1237    i.USB_DeactivateEndpoint  stm32f1xx_ll_usb.o
    0x080032c0   0x080032c0   0x00000004   Code   RO         1238    i.USB_DevConnect    stm32f1xx_ll_usb.o
    0x080032c4   0x080032c4   0x00000004   Code   RO         1239    i.USB_DevDisconnect  stm32f1xx_ll_usb.o
    0x080032c8   0x080032c8   0x0000001e   Code   RO         1240    i.USB_DevInit       stm32f1xx_ll_usb.o
    0x080032e6   0x080032e6   0x0000000e   Code   RO         1241    i.USB_DisableGlobalInt  stm32f1xx_ll_usb.o
    0x080032f4   0x080032f4   0x00000004   Code   RO         1242    i.USB_EP0_OutStart  stm32f1xx_ll_usb.o
    0x080032f8   0x080032f8   0x0000006a   Code   RO         1243    i.USB_EPClearStall  stm32f1xx_ll_usb.o
    0x08003362   0x08003362   0x0000004a   Code   RO         1244    i.USB_EPSetStall    stm32f1xx_ll_usb.o
    0x080033ac   0x080033ac   0x000001aa   Code   RO         1245    i.USB_EPStartXfer   stm32f1xx_ll_usb.o
    0x08003556   0x08003556   0x0000000e   Code   RO         1246    i.USB_EnableGlobalInt  stm32f1xx_ll_usb.o
    0x08003564   0x08003564   0x0000000c   Code   RO          542    i.USB_LP_CAN1_RX0_IRQHandler  stm32f1xx_it.o
    0x08003570   0x08003570   0x00000006   Code   RO         1253    i.USB_ReadInterrupts  stm32f1xx_ll_usb.o
    0x08003576   0x08003576   0x00000002   PAD
    0x08003578   0x08003578   0x0000001e   Code   RO         1254    i.USB_ReadPMA       stm32f1xx_ll_usb.o
    0x08003596   0x08003596   0x00000004   Code   RO         1256    i.USB_SetCurrentMode  stm32f1xx_ll_usb.o
    0x0800359a   0x0800359a   0x0000000c   Code   RO         1257    i.USB_SetDevAddress  stm32f1xx_ll_usb.o
    0x080035a6   0x080035a6   0x00000026   Code   RO         1259    i.USB_WritePMA      stm32f1xx_ll_usb.o
    0x080035cc   0x080035cc   0x00000002   Code   RO          543    i.UsageFault_Handler  stm32f1xx_it.o
    0x080035ce   0x080035ce   0x00000002   PAD
    0x080035d0   0x080035d0   0x000000e4   Code   RO          730    i.XINPUT_buttonArrayUpdate  xinput.o
    0x080036b4   0x080036b4   0x00000044   Code   RO          732    i.XINPUT_dpadUpdate  xinput.o
    0x080036f8   0x080036f8   0x00000030   Code   RO          738    i.XINPUT_stickUpdate  xinput.o
    0x08003728   0x08003728   0x0000000c   Code   RO          739    i.XINPUT_triggerUpdate  xinput.o
    0x08003734   0x08003734   0x00000002   Code   RO          627    i._Error_Handler    main.o
    0x08003736   0x08003736   0x0000000e   Code   RO         3885    i.__scatterload_copy  mc_w.l(handlers.o)
    0x08003744   0x08003744   0x00000002   Code   RO         3886    i.__scatterload_null  mc_w.l(handlers.o)
    0x08003746   0x08003746   0x0000000e   Code   RO         3887    i.__scatterload_zeroinit  mc_w.l(handlers.o)
    0x08003754   0x08003754   0x00000010   Code   RO          910    i.add_millis        time_lib.o
    0x08003764   0x08003764   0x00000048   Code   RO          832    i.declareAnalogPins  stm32_xinput.o
    0x080037ac   0x080037ac   0x000000b0   Code   RO          833    i.declareButtonPins  stm32_xinput.o
    0x0800385c   0x0800385c   0x00000018   Code   RO          834    i.declareEncoderPins  stm32_xinput.o
    0x08003874   0x08003874   0x000000d8   Code   RO          628    i.main              main.o
    0x0800394c   0x0800394c   0x00000022   Code   RO          835    i.map               stm32_xinput.o
    0x0800396e   0x0800396e   0x00000002   PAD
    0x08003970   0x08003970   0x00000090   Code   RO          836    i.readAdcValues     stm32_xinput.o
    0x08003a00   0x08003a00   0x00000098   Code   RO          837    i.readButtons       stm32_xinput.o
    0x08003a98   0x08003a98   0x00000040   Code   RO          838    i.updateSticks      stm32_xinput.o
    0x08003ad8   0x08003ad8   0x00000010   Code   RO          839    i.updateTriggers    stm32_xinput.o
    0x08003ae8   0x08003ae8   0x000000b3   Data   RO          435    .constdata          usbd_desc.o
    0x08003b9b   0x08003b9b   0x00000010   Data   RO         3484    .constdata          system_stm32f1xx.o
    0x08003bab   0x08003bab   0x00000001   PAD
    0x08003bac   0x08003bac   0x00000020   Data   RO         3883    Region$$Table       anon$$obj.o


    Execution Region RW_IRAM1 (Exec base: 0x20000000, Load base: 0x08003bcc, Size: 0x00001440, Max: 0x00005000, ABSOLUTE, COMPRESSED[0x000000f8])

    Exec Addr    Load Addr    Size         Type   Attr      Idx    E Section Name        Object

    0x20000000   COMPRESSED   0x00000002   Data   RW          339    .data               usbd_custom_hid_if.o
    0x20000002   COMPRESSED   0x00000002   PAD
    0x20000004   COMPRESSED   0x00000010   Data   RW          340    .data               usbd_custom_hid_if.o
    0x20000014   COMPRESSED   0x00000004   Data   RW          341    .data               usbd_custom_hid_if.o
    0x20000018   COMPRESSED   0x0000001c   Data   RW          436    .data               usbd_desc.o
    0x20000034   COMPRESSED   0x00000016   Data   RW          437    .data               usbd_desc.o
    0x2000004a   COMPRESSED   0x00000008   Data   RW          631    .data               main.o
    0x20000052   COMPRESSED   0x00000002   PAD
    0x20000054   COMPRESSED   0x00000052   Data   RW          741    .data               xinput.o
    0x200000a6   COMPRESSED   0x0000001a   Data   RW          843    .data               stm32_xinput.o
    0x200000c0   COMPRESSED   0x00000008   Data   RW          912    .data               time_lib.o
    0x200000c8   COMPRESSED   0x00000010   Data   RW          955    .data               hc_sr04_lib.o
    0x200000d8   COMPRESSED   0x00000004   Data   RW         3325    .data               stm32f1xx_hal.o
    0x200000dc   COMPRESSED   0x00000004   Data   RW         3486    .data               system_stm32f1xx.o
    0x200000e0   COMPRESSED   0x0000003c   Data   RW         3530    .data               usbd_customhid.o
    0x2000011c   COMPRESSED   0x000000b2   Data   RW         3531    .data               usbd_customhid.o
    0x200001ce   COMPRESSED   0x00000001   Data   RW         3606    .data               usbd_ctlreq.o
    0x200001cf   COMPRESSED   0x00000001   PAD
    0x200001d0        -       0x0000047c   Zero   RW           35    .bss                usbd_conf.o
    0x2000064c        -       0x00000200   Zero   RW          434    .bss                usbd_desc.o
    0x2000084c        -       0x00000224   Zero   RW          500    .bss                usb_device.o
    0x20000a70        -       0x000000cc   Zero   RW          629    .bss                main.o
    0x20000b3c        -       0x000000c0   Zero   RW          840    .bss                stm32_xinput.o
    0x20000bfc        -       0x00000040   Zero   RW          911    .bss                time_lib.o
    0x20000c3c   COMPRESSED   0x00000004   PAD
    0x20000c40        -       0x00000800   Zero   RW          989    STACK               startup_stm32f103xb.o


==============================================================================

Image component sizes


      Code (inc. data)   RO Data    RW Data    ZI Data      Debug   Object Name

       208         16          0         16          0       2266   hc_sr04_lib.o
       956        100          0          8        204       8112   main.o
        36          8        236          0       2048        768   startup_stm32f103xb.o
       682         50          0         26        192       6801   stm32_xinput.o
       132         22          0          4          0       3639   stm32f1xx_hal.o
      1314         64          0          0          0       8778   stm32f1xx_hal_adc.o
       228         14          0          0          0      27369   stm32f1xx_hal_cortex.o
       594         32          0          0          0       3591   stm32f1xx_hal_dma.o
       490         42          0          0          0       4595   stm32f1xx_hal_gpio.o
       344         70          0          0          0       2163   stm32f1xx_hal_msp.o
      1794          0          0          0          0       9385   stm32f1xx_hal_pcd.o
        52          0          0          0          0       1166   stm32f1xx_hal_pcd_ex.o
      1232         80          0          0          0       4486   stm32f1xx_hal_rcc.o
       236         12          0          0          0       1384   stm32f1xx_hal_rcc_ex.o
       900         14          0          0          0       9383   stm32f1xx_hal_tim.o
        84          0          0          0          0       2318   stm32f1xx_hal_tim_ex.o
        70         18          0          0          0       4690   stm32f1xx_it.o
      1666          0          0          0          0      12575   stm32f1xx_ll_usb.o
        72         16         16          4          0       1151   system_stm32f1xx.o
       100         24          0          8         64       1694   time_lib.o
        56         18          0          0        548       1188   usb_device.o
       532         30          0          0       1148     465623   usbd_conf.o
       592          0          0          0          0       9112   usbd_core.o
      1004         30          0          1          0       7724   usbd_ctlreq.o
        60         18          0         22          0       2219   usbd_custom_hid_if.o
       494         28          0        238          0       9439   usbd_customhid.o
       188         92        179         50        512       9959   usbd_desc.o
       132          0          0          0          0       4304   usbd_ioreq.o
       356         18          0         82          0       3913   xinput.o

    ----------------------------------------------------------------------
     14634        816        464        464       4720     629795   Object Totals
         0          0         32          0          0          0   (incl. Generated)
        30          0          1          5          4          0   (incl. Padding)

    ----------------------------------------------------------------------

      Code (inc. data)   RO Data    RW Data    ZI Data      Debug   Library Member Name

        86          0          0          0          0          0   __dczerorl2.o
         0          0          0          0          0          0   entry.o
         0          0          0          0          0          0   entry10a.o
         0          0          0          0          0          0   entry11a.o
         8          4          0          0          0          0   entry2.o
         4          0          0          0          0          0   entry5.o
         0          0          0          0          0          0   entry7b.o
         0          0          0          0          0          0   entry8b.o
         8          4          0          0          0          0   entry9a.o
        30          0          0          0          0          0   handlers.o
        36          8          0          0          0         68   init.o
        36          0          0          0          0         68   memcpya.o

    ----------------------------------------------------------------------
       210         16          0          0          0        136   Library Totals
         2          0          0          0          0          0   (incl. Padding)

    ----------------------------------------------------------------------

      Code (inc. data)   RO Data    RW Data    ZI Data      Debug   Library Name

       208         16          0          0          0        136   mc_w.l

    ----------------------------------------------------------------------
       210         16          0          0          0        136   Library Totals

    ----------------------------------------------------------------------

==============================================================================


      Code (inc. data)   RO Data    RW Data    ZI Data      Debug   

     14844        832        464        464       4720     620439   Grand Totals
     14844        832        464        248       4720     620439   ELF Image Totals (compressed)
     14844        832        464        248          0          0   ROM Totals

==============================================================================

    Total RO  Size (Code + RO Data)                15308 (  14.95kB)
    Total RW  Size (RW Data + ZI Data)              5184 (   5.06kB)
    Total ROM Size (Code + RO Data + RW Data)      15556 (  15.19kB)

==============================================================================

